Component: ARM Compiler 5.06 update 6 (build 750) Tool: armlink [4d35ed]

==============================================================================

Section Cross References

    startup_stm32h723xx.o(STACK) refers (Special) to heapauxi.o(.text) for __use_two_region_memory
    startup_stm32h723xx.o(HEAP) refers (Special) to heapauxi.o(.text) for __use_two_region_memory
    startup_stm32h723xx.o(RESET) refers (Special) to heapauxi.o(.text) for __use_two_region_memory
    startup_stm32h723xx.o(RESET) refers to startup_stm32h723xx.o(STACK) for __initial_sp
    startup_stm32h723xx.o(RESET) refers to startup_stm32h723xx.o(.text) for Reset_Handler
    startup_stm32h723xx.o(RESET) refers to stm32h7xx_it.o(i.NMI_Handler) for NMI_Handler
    startup_stm32h723xx.o(RESET) refers to stm32h7xx_it.o(i.HardFault_Handler) for HardFault_Handler
    startup_stm32h723xx.o(RESET) refers to stm32h7xx_it.o(i.MemManage_Handler) for MemManage_Handler
    startup_stm32h723xx.o(RESET) refers to stm32h7xx_it.o(i.BusFault_Handler) for BusFault_Handler
    startup_stm32h723xx.o(RESET) refers to stm32h7xx_it.o(i.UsageFault_Handler) for UsageFault_Handler
    startup_stm32h723xx.o(RESET) refers to stm32h7xx_it.o(i.SVC_Handler) for SVC_Handler
    startup_stm32h723xx.o(RESET) refers to stm32h7xx_it.o(i.DebugMon_Handler) for DebugMon_Handler
    startup_stm32h723xx.o(RESET) refers to stm32h7xx_it.o(i.PendSV_Handler) for PendSV_Handler
    startup_stm32h723xx.o(RESET) refers to stm32h7xx_it.o(i.SysTick_Handler) for SysTick_Handler
    startup_stm32h723xx.o(RESET) refers to stm32h7xx_it.o(i.DMA1_Stream0_IRQHandler) for DMA1_Stream0_IRQHandler
    startup_stm32h723xx.o(RESET) refers to stm32h7xx_it.o(i.DMA1_Stream7_IRQHandler) for DMA1_Stream7_IRQHandler
    startup_stm32h723xx.o(RESET) refers to stm32h7xx_it.o(i.TIM6_DAC_IRQHandler) for TIM6_DAC_IRQHandler
    startup_stm32h723xx.o(.text) refers (Special) to heapauxi.o(.text) for __use_two_region_memory
    startup_stm32h723xx.o(.text) refers to system_stm32h7xx.o(i.ExitRun0Mode) for ExitRun0Mode
    startup_stm32h723xx.o(.text) refers to system_stm32h7xx.o(i.SystemInit) for SystemInit
    startup_stm32h723xx.o(.text) refers to __main.o(!!!main) for __main
    startup_stm32h723xx.o(.text) refers to startup_stm32h723xx.o(HEAP) for Heap_Mem
    startup_stm32h723xx.o(.text) refers to startup_stm32h723xx.o(STACK) for Stack_Mem
    delay.o(i.Delay_ms) refers to delay.o(i.Delay_us) for Delay_us
    delay.o(i.Delay_us) refers to delay.o(i.Get_Micros) for Get_Micros
    delay.o(i.Get_Micros) refers to tim.o(.bss) for htim8
    encoder.o(i.Encoder_Init) refers to stm32h7xx_hal_tim.o(i.HAL_TIM_Encoder_Start) for HAL_TIM_Encoder_Start
    encoder.o(i.Encoder_Init) refers to stm32h7xx_hal_lptim.o(i.HAL_LPTIM_Encoder_Start) for HAL_LPTIM_Encoder_Start
    encoder.o(i.Encoder_Init) refers to tim.o(.bss) for htim3
    encoder.o(i.Encoder_Init) refers to lptim.o(.bss) for hlptim2
    encoder.o(i.Task_solver) refers to task.o(i.Buzzer) for Buzzer
    encoder.o(i.Task_solver) refers to task.o(i.Task1) for Task1
    encoder.o(i.Task_solver) refers to lptim.o(.bss) for hlptim2
    encoder.o(i.Task_solver) refers to encoder.o(.data) for .data
    gyroscope.o(i.Gyroscope_Init) refers to stm32h7xx_hal_uart.o(i.HAL_UART_Receive_DMA) for HAL_UART_Receive_DMA
    gyroscope.o(i.Gyroscope_Init) refers to gyroscope.o(.bss) for .bss
    gyroscope.o(i.Gyroscope_Init) refers to usart.o(.bss) for huart4
    gyroscope.o(i.HAL_UART_RxCpltCallback) refers to rt_memcpy_v6.o(.text) for __aeabi_memcpy
    gyroscope.o(i.HAL_UART_RxCpltCallback) refers to gyroscope.o(i.checkSum) for checkSum
    gyroscope.o(i.HAL_UART_RxCpltCallback) refers to gyroscope.o(i.CalculateAcceleration) for CalculateAcceleration
    gyroscope.o(i.HAL_UART_RxCpltCallback) refers to gyroscope.o(i.CalculateAngularVelocity) for CalculateAngularVelocity
    gyroscope.o(i.HAL_UART_RxCpltCallback) refers to gyroscope.o(i.CalculateEulerAngle) for CalculateEulerAngle
    gyroscope.o(i.HAL_UART_RxCpltCallback) refers to usart.o(.bss) for huart4
    gyroscope.o(i.HAL_UART_RxCpltCallback) refers to gyroscope.o(.bss) for .bss
    motor.o(i.Motor_Control) refers to stm32h7xx_hal_gpio.o(i.HAL_GPIO_WritePin) for HAL_GPIO_WritePin
    motor.o(i.Motor_Control) refers to fmin.o(i.__hardfp_fmin) for __hardfp_fmin
    motor.o(i.Motor_Control) refers to fmax.o(i.__hardfp_fmax) for __hardfp_fmax
    motor.o(i.Motor_Control) refers to tim.o(.bss) for htim1
    motor.o(i.Motor_Init) refers to stm32h7xx_hal_tim.o(i.HAL_TIM_PWM_Start) for HAL_TIM_PWM_Start
    motor.o(i.Motor_Init) refers to tim.o(.bss) for htim1
    oled.o(i.OLED_Clear) refers to oled.o(i.OLED_SetCursor) for OLED_SetCursor
    oled.o(i.OLED_Clear) refers to oled.o(i.OLED_WriteData) for OLED_WriteData
    oled.o(i.OLED_I2C_Init) refers to stm32h7xx_hal_gpio.o(i.HAL_GPIO_Init) for HAL_GPIO_Init
    oled.o(i.OLED_I2C_Init) refers to stm32h7xx_hal_gpio.o(i.HAL_GPIO_WritePin) for HAL_GPIO_WritePin
[...]
    i.HAL_TIM_Encoder_Init                   0x08003958   Section        0  stm32h7xx_hal_tim.o(i.HAL_TIM_Encoder_Init)
    i.HAL_TIM_Encoder_MspInit                0x08003a14   Section        0  tim.o(i.HAL_TIM_Encoder_MspInit)
    i.HAL_TIM_Encoder_Start                  0x08003b30   Section        0  stm32h7xx_hal_tim.o(i.HAL_TIM_Encoder_Start)
    i.HAL_TIM_IC_CaptureCallback             0x08003bbe   Section        0  stm32h7xx_hal_tim.o(i.HAL_TIM_IC_CaptureCallback)
    i.HAL_TIM_IRQHandler                     0x08003bc0   Section        0  stm32h7xx_hal_tim.o(i.HAL_TIM_IRQHandler)
    i.HAL_TIM_MspPostInit                    0x08003d08   Section        0  tim.o(i.HAL_TIM_MspPostInit)
    i.HAL_TIM_OC_DelayElapsedCallback        0x08003d74   Section        0  stm32h7xx_hal_tim.o(i.HAL_TIM_OC_DelayElapsedCallback)
    i.HAL_TIM_PWM_ConfigChannel              0x08003d76   Section        0  stm32h7xx_hal_tim.o(i.HAL_TIM_PWM_ConfigChannel)
    i.HAL_TIM_PWM_Init                       0x08003e9a   Section        0  stm32h7xx_hal_tim.o(i.HAL_TIM_PWM_Init)
    i.HAL_TIM_PWM_MspInit                    0x08003efc   Section        0  tim.o(i.HAL_TIM_PWM_MspInit)
    i.HAL_TIM_PWM_PulseFinishedCallback      0x08003f24   Section        0  stm32h7xx_hal_tim.o(i.HAL_TIM_PWM_PulseFinishedCallback)
    i.HAL_TIM_PWM_Start                      0x08003f28   Section        0  stm32h7xx_hal_tim.o(i.HAL_TIM_PWM_Start)
    i.HAL_TIM_PeriodElapsedCallback          0x0800404c   Section        0  stm32h7xx_hal_tim.o(i.HAL_TIM_PeriodElapsedCallback)
    i.HAL_TIM_TriggerCallback                0x0800404e   Section        0  stm32h7xx_hal_tim.o(i.HAL_TIM_TriggerCallback)
    i.HAL_UARTEx_DisableFifoMode             0x08004050   Section        0  stm32h7xx_hal_uart_ex.o(i.HAL_UARTEx_DisableFifoMode)
    i.HAL_UARTEx_RxEventCallback             0x08004090   Section        0  stm32h7xx_hal_uart.o(i.HAL_UARTEx_RxEventCallback)
    i.HAL_UARTEx_SetRxFifoThreshold          0x08004092   Section        0  stm32h7xx_hal_uart_ex.o(i.HAL_UARTEx_SetRxFifoThreshold)
    i.HAL_UARTEx_SetTxFifoThreshold          0x080040de   Section        0  stm32h7xx_hal_uart_ex.o(i.HAL_UARTEx_SetTxFifoThreshold)
    i.HAL_UART_ErrorCallback                 0x0800412a   Section        0  stm32h7xx_hal_uart.o(i.HAL_UART_ErrorCallback)
    i.HAL_UART_Init                          0x0800412c   Section        0  stm32h7xx_hal_uart.o(i.HAL_UART_Init)
    i.HAL_UART_MspInit                       0x08004198   Section        0  usart.o(i.HAL_UART_MspInit)
    i.HAL_UART_Receive_DMA                   0x0800428c   Section        0  stm32h7xx_hal_uart.o(i.HAL_UART_Receive_DMA)
    i.HAL_UART_RxCpltCallback                0x080042d4   Section        0  gyroscope.o(i.HAL_UART_RxCpltCallback)
    i.HAL_UART_RxHalfCpltCallback            0x080043f4   Section        0  stm32h7xx_hal_uart.o(i.HAL_UART_RxHalfCpltCallback)
    i.HardFault_Handler                      0x080043f6   Section        0  stm32h7xx_it.o(i.HardFault_Handler)
    i.LPTIM_WaitForFlag                      0x080043f8   Section        0  stm32h7xx_hal_lptim.o(i.LPTIM_WaitForFlag)
    LPTIM_WaitForFlag                        0x080043f9   Thumb Code    46  stm32h7xx_hal_lptim.o(i.LPTIM_WaitForFlag)
    i.MX_DMA_Init                            0x0800442c   Section        0  dma.o(i.MX_DMA_Init)
    i.MX_GPIO_Init                           0x08004468   Section        0  gpio.o(i.MX_GPIO_Init)
    i.MX_LPTIM2_Init                         0x08004574   Section        0  lptim.o(i.MX_LPTIM2_Init)
    i.MX_TIM1_Init                           0x080045b4   Section        0  tim.o(i.MX_TIM1_Init)
    i.MX_TIM2_Init                           0x08004694   Section        0  tim.o(i.MX_TIM2_Init)
    i.MX_TIM3_Init                           0x080046fc   Section        0  tim.o(i.MX_TIM3_Init)
    i.MX_TIM4_Init                           0x08004768   Section        0  tim.o(i.MX_TIM4_Init)
    i.MX_TIM5_Init                           0x080047d4   Section        0  tim.o(i.MX_TIM5_Init)
    i.MX_TIM6_Init                           0x08004840   Section        0  tim.o(i.MX_TIM6_Init)
    i.MX_TIM8_Init                           0x0800488c   Section        0  tim.o(i.MX_TIM8_Init)
    i.MX_UART4_Init                          0x080048fc   Section        0  usart.o(i.MX_UART4_Init)
    i.MemManage_Handler                      0x08004964   Section        0  stm32h7xx_it.o(i.MemManage_Handler)
    i.Motor_Control                          0x08004968   Section        0  motor.o(i.Motor_Control)
    i.Motor_Init                             0x08004a3c   Section        0  motor.o(i.Motor_Init)
    i.NMI_Handler                            0x08004a58   Section        0  stm32h7xx_it.o(i.NMI_Handler)
    i.OLED_Clear                             0x08004a5a   Section        0  oled.o(i.OLED_Clear)
    i.OLED_I2C_Init                          0x08004a80   Section        0  oled.o(i.OLED_I2C_Init)
    i.OLED_I2C_SendByte                      0x08004ad0   Section        0  oled.o(i.OLED_I2C_SendByte)
    i.OLED_I2C_Start                         0x08004b24   Section        0  oled.o(i.OLED_I2C_Start)
    i.OLED_I2C_Stop                          0x08004b58   Section        0  oled.o(i.OLED_I2C_Stop)
    i.OLED_Init                              0x08004b84   Section        0  oled.o(i.OLED_Init)
    i.OLED_SetCursor                         0x08004c30   Section        0  oled.o(i.OLED_SetCursor)
    i.OLED_WriteCommand                      0x08004c52   Section        0  oled.o(i.OLED_WriteCommand)
    i.OLED_WriteData                         0x08004c74   Section        0  oled.o(i.OLED_WriteData)
    i.PendSV_Handler                         0x08004c96   Section        0  stm32h7xx_it.o(i.PendSV_Handler)
    i.RCCEx_PLL2_Config                      0x08004c98   Section        0  stm32h7xx_hal_rcc_ex.o(i.RCCEx_PLL2_Config)
    RCCEx_PLL2_Config                        0x08004c99   Thumb Code   284  stm32h7xx_hal_rcc_ex.o(i.RCCEx_PLL2_Config)
    i.RCCEx_PLL3_Config                      0x08004db8   Section        0  stm32h7xx_hal_rcc_ex.o(i.RCCEx_PLL3_Config)
    RCCEx_PLL3_Config                        0x08004db9   Thumb Code   284  stm32h7xx_hal_rcc_ex.o(i.RCCEx_PLL3_Config)
    i.SVC_Handler                            0x08004ed8   Section        0  stm32h7xx_it.o(i.SVC_Handler)
    i.SysTick_Handler                        0x08004eda   Section        0  stm32h7xx_it.o(i.SysTick_Handler)
    i.SystemClock_Config                     0x08004ee0   Section        0  main.o(i.SystemClock_Config)
    i.SystemInit                             0x08004f78   Section        0  system_stm32h7xx.o(i.SystemInit)
    i.TIM6_DAC_IRQHandler                    0x08005050   Section        0  stm32h7xx_it.o(i.TIM6_DAC_IRQHandler)
    i.TIM_Base_SetConfig                     0x08005104   Section        0  stm32h7xx_hal_tim.o(i.TIM_Base_SetConfig)
    i.TIM_CCxChannelCmd                      0x080051e4   Section        0  stm32h7xx_hal_tim.o(i.TIM_CCxChannelCmd)
    i.TIM_ETR_SetConfig                      0x080051fe   Section        0  stm32h7xx_hal_tim.o(i.TIM_ETR_SetConfig)
    i.TIM_ITRx_SetConfig                     0x08005210   Section        0  stm32h7xx_hal_tim.o(i.TIM_ITRx_SetConfig)
    TIM_ITRx_SetConfig                       0x08005211   Thumb Code    16  stm32h7xx_hal_tim.o(i.TIM_ITRx_SetConfig)
    i.TIM_OC1_SetConfig                      0x08005224   Section        0  stm32h7xx_hal_tim.o(i.TIM_OC1_SetConfig)
    TIM_OC1_SetConfig                        0x08005225   Thumb Code   140  stm32h7xx_hal_tim.o(i.TIM_OC1_SetConfig)
    i.TIM_OC2_SetConfig                      0x080052c8   Section        0  stm32h7xx_hal_tim.o(i.TIM_OC2_SetConfig)
    i.TIM_OC3_SetConfig                      0x08005360   Section        0  stm32h7xx_hal_tim.o(i.TIM_OC3_SetConfig)
    TIM_OC3_SetConfig                        0x08005361   Thumb Code   126  stm32h7xx_hal_tim.o(i.TIM_OC3_SetConfig)
    i.TIM_OC4_SetConfig                      0x080053f8   Section        0  stm32h7xx_hal_tim.o(i.TIM_OC4_SetConfig)
    TIM_OC4_SetConfig                        0x080053f9   Thumb Code    96  stm32h7xx_hal_tim.o(i.TIM_OC4_SetConfig)
    i.TIM_OC5_SetConfig                      0x08005470   Section        0  stm32h7xx_hal_tim.o(i.TIM_OC5_SetConfig)
    TIM_OC5_SetConfig                        0x08005471   Thumb Code    90  stm32h7xx_hal_tim.o(i.TIM_OC5_SetConfig)
    i.TIM_OC6_SetConfig                      0x080054e4   Section        0  stm32h7xx_hal_tim.o(i.TIM_OC6_SetConfig)
    TIM_OC6_SetConfig                        0x080054e5   Thumb Code    90  stm32h7xx_hal_tim.o(i.TIM_OC6_SetConfig)
    i.TIM_TI1_ConfigInputStage               0x08005558   Section        0  stm32h7xx_hal_tim.o(i.TIM_TI1_ConfigInputStage)
    TIM_TI1_ConfigInputStage                 0x08005559   Thumb Code    34  stm32h7xx_hal_tim.o(i.TIM_TI1_ConfigInputStage)
    i.TIM_TI2_ConfigInputStage               0x0800557a   Section        0  stm32h7xx_hal_tim.o(i.TIM_TI2_ConfigInputStage)
    TIM_TI2_ConfigInputStage                 0x0800557b   Thumb Code    36  stm32h7xx_hal_tim.o(i.TIM_TI2_ConfigInputStage)
    i.Task1                                  0x080055a0   Section        0  task.o(i.Task1)
    i.UARTEx_SetNbDataToProcess              0x080055ec   Section        0  stm32h7xx_hal_uart_ex.o(i.UARTEx_SetNbDataToProcess)
    UARTEx_SetNbDataToProcess                0x080055ed   Thumb Code    62  stm32h7xx_hal_uart_ex.o(i.UARTEx_SetNbDataToProcess)
    i.UART_AdvFeatureConfig                  0x08005630   Section        0  stm32h7xx_hal_uart.o(i.UART_AdvFeatureConfig)
    i.UART_CheckIdleState                    0x080056f8   Section        0  stm32h7xx_hal_uart.o(i.UART_CheckIdleState)
    i.UART_DMAError                          0x080057a2   Section        0  stm32h7xx_hal_uart.o(i.UART_DMAError)
    UART_DMAError                            0x080057a3   Thumb Code    78  stm32h7xx_hal_uart.o(i.UART_DMAError)
    i.UART_DMAReceiveCplt                    0x080057f0   Section        0  stm32h7xx_hal_uart.o(i.UART_DMAReceiveCplt)
    UART_DMAReceiveCplt                      0x080057f1   Thumb Code   130  stm32h7xx_hal_uart.o(i.UART_DMAReceiveCplt)
    i.UART_DMARxHalfCplt                     0x08005872   Section        0  stm32h7xx_hal_uart.o(i.UART_DMARxHalfCplt)
    UART_DMARxHalfCplt                       0x08005873   Thumb Code    32  stm32h7xx_hal_uart.o(i.UART_DMARxHalfCplt)
    i.UART_EndRxTransfer                     0x08005894   Section        0  stm32h7xx_hal_uart.o(i.UART_EndRxTransfer)
    UART_EndRxTransfer                       0x08005895   Thumb Code    78  stm32h7xx_hal_uart.o(i.UART_EndRxTransfer)
    i.UART_EndTxTransfer                     0x080058e8   Section        0  stm32h7xx_hal_uart.o(i.UART_EndTxTransfer)
    UART_EndTxTransfer                       0x080058e9   Thumb Code    46  stm32h7xx_hal_uart.o(i.UART_EndTxTransfer)
    i.UART_SetConfig                         0x08005918   Section        0  stm32h7xx_hal_uart.o(i.UART_SetConfig)
    i.UART_Start_Receive_DMA                 0x08005cf4   Section        0  stm32h7xx_hal_uart.o(i.UART_Start_Receive_DMA)
    i.UART_WaitOnFlagUntilTimeout            0x08005d9c   Section        0  stm32h7xx_hal_uart.o(i.UART_WaitOnFlagUntilTimeout)
    i.UsageFault_Handler                     0x08005e30   Section        0  stm32h7xx_it.o(i.UsageFault_Handler)
    i.__NVIC_SetPriority                     0x08005e32   Section        0  stm32h7xx_hal_cortex.o(i.__NVIC_SetPriority)
    __NVIC_SetPriority                       0x08005e33   Thumb Code    34  stm32h7xx_hal_cortex.o(i.__NVIC_SetPriority)
    i.__hardfp_fmax                          0x08005e54   Section        0  fmax.o(i.__hardfp_fmax)
    i.__hardfp_fmin                          0x08005eb6   Section        0  fmin.o(i.__hardfp_fmin)
    i.checkSum                               0x08005f18   Section        0  gyroscope.o(i.checkSum)
    i.forward_left_pwm                       0x08005f40   Section        0  pid.o(i.forward_left_pwm)
    i.forward_right_pwm                      0x08005f7c   Section        0  pid.o(i.forward_right_pwm)
    i.main                                   0x08005fb8   Section        0  main.o(i.main)
    x$fpl$dcmp4                              0x08006074   Section      158  dcmp4.o(x$fpl$dcmp4)
    $v0                                      0x08006074   Number         0  dcmp4.o(x$fpl$dcmp4)
    x$fpl$dcmpinf                            0x08006112   Section       24  dcmpi.o(x$fpl$dcmpinf)
    $v0                                      0x08006112   Number         0  dcmpi.o(x$fpl$dcmpinf)
    x$fpl$dnaninf                            0x0800612a   Section      156  dnaninf.o(x$fpl$dnaninf)
    $v0                                      0x0800612a   Number         0  dnaninf.o(x$fpl$dnaninf)
    x$fpl$fpinit                             0x080061c6   Section       10  fpinit.o(x$fpl$fpinit)
    $v0                                      0x080061c6   Number         0  fpinit.o(x$fpl$fpinit)
    .constdata                               0x080061d0   Section        8  stm32h7xx_hal_dma.o(.constdata)
    x$fpl$usenofp                            0x080061d0   Section        0  usenofp.o(x$fpl$usenofp)
    flagBitshiftOffset                       0x080061d0   Data           8  stm32h7xx_hal_dma.o(.constdata)
    .constdata                               0x080061d8   Section       24  stm32h7xx_hal_uart.o(.constdata)
    .constdata                               0x080061f0   Section       16  stm32h7xx_hal_uart_ex.o(.constdata)
    numerator                                0x080061f0   Data           8  stm32h7xx_hal_uart_ex.o(.constdata)
    denominator                              0x080061f8   Data           8  stm32h7xx_hal_uart_ex.o(.constdata)
    .constdata                               0x08006200   Section       16  system_stm32h7xx.o(.constdata)
    .bss                                     0x20000000   Section      388  usart.o(.bss)
    STACK                                    0x20000188   Section     1024  startup_stm32h723xx.o(STACK)
    Stack_Mem                                0x20000188   Data        1024  startup_stm32h723xx.o(STACK)
    __initial_sp                             0x20000588   Data           0  startup_stm32h723xx.o(STACK)
    .data                                    0x24000000   Section        2  encoder.o(.data)
    .data                                    0x24000004   Section       40  pid.o(.data)
    integral                                 0x24000004   Data           8  pid.o(.data)
    .data                                    0x2400002c   Section        9  sensor.o(.data)
    .data                                    0x24000038   Section        8  task.o(.data)
    .data                                    0x24000040   Section       24  stm32h7xx_it.o(.data)
    time_tim6                                0x24000040   Data           4  stm32h7xx_it.o(.data)
    .data                                    0x24000058   Section       12  stm32h7xx_hal.o(.data)
    .data                                    0x24000064   Section        8  system_stm32h7xx.o(.data)
    .bss                                     0x2400006c   Section       12  encoder.o(.bss)
    .bss                                     0x24000078   Section       12  encoder.o(.bss)
    .bss                                     0x24000084   Section       88  gyroscope.o(.bss)
    RxBuffer                                 0x240000a8   Data          52  gyroscope.o(.bss)
    .bss                                     0x240000dc   Section       56  lptim.o(.bss)
    .bss                                     0x24000114   Section      532  tim.o(.bss)
    .bss                                     0x24000328   Section       96  libspace.o(.bss)
    HEAP                                     0x24000388   Section      512  startup_stm32h723xx.o(HEAP)
    Heap_Mem                                 0x24000388   Data         512  startup_stm32h723xx.o(HEAP)

    Global Symbols

    Symbol Name                              Value     Ov Type        Size  Object(Section)

    BuildAttributes$$THM_ISAv4$E$P$D$K$B$S$7EM$VFPv5_D16$PE$PLD8$A:L22UL41UL21$X:L11$S22US41US21$IEEE1$IW$USESV6$~STKCKD$USESV7$~SHL$OTIME$ROPI$IEEEJ$EBA8$UX$STANDARDLIB$REQ8$PRES8$EABIv2 0x00000000   Number         0  anon$$obj.o ABSOLUTE
    __ARM_use_no_argv                        0x00000000   Number         0  main.o ABSOLUTE
    __ARM_exceptions_init                     - Undefined Weak Reference
    __alloca_initialize                       - Undefined Weak Reference
    __arm_preinit_                            - Undefined Weak Reference
    __cpp_initialize__aeabi_                  - Undefined Weak Reference
    __cxa_finalize                            - Undefined Weak Reference
    __rt_locale                               - Undefined Weak Reference
    __sigvec_lookup                           - Undefined Weak Reference
    _atexit_init                              - Undefined Weak Reference
    _call_atexit_fns                          - Undefined Weak Reference
    _clock_init                               - Undefined Weak Reference
    _fp_trap_init                             - Undefined Weak Reference
    _fp_trap_shutdown                         - Undefined Weak Reference
    _get_lc_collate                           - Undefined Weak Reference
    _get_lc_ctype                             - Undefined Weak Reference
    _get_lc_monetary                          - Undefined Weak Reference
    _get_lc_numeric                           - Undefined Weak Reference
    _get_lc_time                              - Undefined Weak Reference
    _getenv_init                              - Undefined Weak Reference
    _handle_redirection                       - Undefined Weak Reference
    _init_alloc                               - Undefined Weak Reference
    _init_user_alloc                          - Undefined Weak Reference
    _initio                                   - Undefined Weak Reference
    _rand_init                                - Undefined Weak Reference
    _signal_finish                            - Undefined Weak Reference
    _signal_init                              - Undefined Weak Reference
    _terminate_alloc                          - Undefined Weak Reference
    _terminate_user_alloc                     - Undefined Weak Reference
    _terminateio                              - Undefined Weak Reference
    __Vectors_Size                           0x000002cc   Number         0  startup_stm32h723xx.o ABSOLUTE
    __Vectors                                0x08000000   Data           4  startup_stm32h723xx.o(RESET)
    __Vectors_End                            0x080002cc   Data           0  startup_stm32h723xx.o(RESET)
    __main                                   0x080002cd   Thumb Code     8  __main.o(!!!main)
    __scatterload                            0x080002d5   Thumb Code     0  __scatter.o(!!!scatter)
    __scatterload_rt2                        0x080002d5   Thumb Code    44  __scatter.o(!!!scatter)
    __scatterload_rt2_thumb_only             0x080002d5   Thumb Code     0  __scatter.o(!!!scatter)
    __scatterload_null                       0x080002e3   Thumb Code     0  __scatter.o(!!!scatter)
    __scatterload_copy                       0x08000309   Thumb Code    26  __scatter_copy.o(!!handler_copy)
    __scatterload_zeroinit                   0x08000325   Thumb Code    28  __scatter_zi.o(!!handler_zi)
    __rt_lib_init                            0x08000341   Thumb Code     0  libinit.o(.ARM.Collect$$libinit$$00000000)
    __rt_lib_init_fp_1                       0x08000343   Thumb Code     0  libinit2.o(.ARM.Collect$$libinit$$00000001)
    __rt_lib_init_alloca_1                   0x08000347   Thumb Code     0  libinit2.o(.ARM.Collect$$libinit$$0000002E)
    __rt_lib_init_argv_1                     0x08000347   Thumb Code     0  libinit2.o(.ARM.Collect$$libinit$$0000002C)
    __rt_lib_init_atexit_1                   0x08000347   Thumb Code     0  libinit2.o(.ARM.Collect$$libinit$$0000001B)
    __rt_lib_init_clock_1                    0x08000347   Thumb Code     0  libinit2.o(.ARM.Collect$$libinit$$00000021)
    __rt_lib_init_cpp_1                      0x08000347   Thumb Code     0  libinit2.o(.ARM.Collect$$libinit$$00000032)
    __rt_lib_init_exceptions_1               0x08000347   Thumb Code     0  libinit2.o(.ARM.Collect$$libinit$$00000030)
    __rt_lib_init_fp_trap_1                  0x08000347   Thumb Code     0  libinit2.o(.ARM.Collect$$libinit$$0000001F)
    __rt_lib_init_getenv_1                   0x08000347   Thumb Code     0  libinit2.o(.ARM.Collect$$libinit$$00000023)
    __rt_lib_init_heap_1                     0x08000347   Thumb Code     0  libinit2.o(.ARM.Collect$$libinit$$0000000A)
    __rt_lib_init_lc_collate_1               0x08000347   Thumb Code     0  libinit2.o(.ARM.Collect$$libinit$$00000011)
    __rt_lib_init_lc_ctype_1                 0x08000347   Thumb Code     0  libinit2.o(.ARM.Collect$$libinit$$00000013)
    __rt_lib_init_lc_monetary_1              0x08000347   Thumb Code     0  libinit2.o(.ARM.Collect$$libinit$$00000015)
    __rt_lib_init_lc_numeric_1               0x08000347   Thumb Code     0  libinit2.o(.ARM.Collect$$libinit$$00000017)
    __rt_lib_init_lc_time_1                  0x08000347   Thumb Code     0  libinit2.o(.ARM.Collect$$libinit$$00000019)
    __rt_lib_init_preinit_1                  0x08000347   Thumb Code     0  libinit2.o(.ARM.Collect$$libinit$$00000004)
    __rt_lib_init_rand_1                     0x08000347   Thumb Code     0  libinit2.o(.ARM.Collect$$libinit$$0000000E)
    __rt_lib_init_return                     0x08000347   Thumb Code     0  libinit2.o(.ARM.Collect$$libinit$$00000033)
    __rt_lib_init_signal_1                   0x08000347   Thumb Code     0  libinit2.o(.ARM.Collect$$libinit$$0000001D)
    __rt_lib_init_stdio_1                    0x08000347   Thumb Code     0  libinit2.o(.ARM.Collect$$libinit$$00000025)
    __rt_lib_init_user_alloc_1               0x08000347   Thumb Code     0  libinit2.o(.ARM.Collect$$libinit$$0000000C)
    __rt_lib_shutdown                        0x08000349   Thumb Code     0  libshutdown.o(.ARM.Collect$$libshutdown$$00000000)
    __rt_lib_shutdown_cpp_1                  0x0800034b   Thumb Code     0  libshutdown2.o(.ARM.Collect$$libshutdown$$00000002)
    __rt_lib_shutdown_fp_trap_1              0x0800034b   Thumb Code     0  libshutdown2.o(.ARM.Collect$$libshutdown$$00000007)
    __rt_lib_shutdown_heap_1                 0x0800034b   Thumb Code     0  libshutdown2.o(.ARM.Collect$$libshutdown$$0000000F)
    __rt_lib_shutdown_return                 0x0800034b   Thumb Code     0  libshutdown2.o(.ARM.Collect$$libshutdown$$00000010)
    __rt_lib_shutdown_signal_1               0x0800034b   Thumb Code     0  libshutdown2.o(.ARM.Collect$$libshutdown$$0000000A)
    __rt_lib_shutdown_stdio_1                0x0800034b   Thumb Code     0  libshutdown2.o(.ARM.Collect$$libshutdown$$00000004)
    __rt_lib_shutdown_user_alloc_1           0x0800034b   Thumb Code     0  libshutdown2.o(.ARM.Collect$$libshutdown$$0000000C)
    __rt_entry                               0x0800034d   Thumb Code     0  __rtentry.o(.ARM.Collect$$rtentry$$00000000)
    __rt_entry_presh_1                       0x0800034d   Thumb Code     0  __rtentry2.o(.ARM.Collect$$rtentry$$00000002)
    __rt_entry_sh                            0x0800034d   Thumb Code     0  __rtentry4.o(.ARM.Collect$$rtentry$$00000004)
    __rt_entry_li                            0x08000353   Thumb Code     0  __rtentry2.o(.ARM.Collect$$rtentry$$0000000A)
    __rt_entry_postsh_1                      0x08000353   Thumb Code     0  __rtentry2.o(.ARM.Collect$$rtentry$$00000009)
    __rt_entry_main                          0x08000357   Thumb Code     0  __rtentry2.o(.ARM.Collect$$rtentry$$0000000D)
    __rt_entry_postli_1                      0x08000357   Thumb Code     0  __rtentry2.o(.ARM.Collect$$rtentry$$0000000C)
    __rt_exit                                0x0800035f   Thumb Code     0  rtexit.o(.ARM.Collect$$rtexit$$00000000)
    __rt_exit_ls                             0x08000361   Thumb Code     0  rtexit2.o(.ARM.Collect$$rtexit$$00000003)
    __rt_exit_prels_1                        0x08000361   Thumb Code     0  rtexit2.o(.ARM.Collect$$rtexit$$00000002)
    __rt_exit_exit                           0x08000365   Thumb Code     0  rtexit2.o(.ARM.Collect$$rtexit$$00000004)
    Reset_Handler                            0x0800036d   Thumb Code    12  startup_stm32h723xx.o(.text)
    ADC3_IRQHandler                          0x0800038b   Thumb Code     0  startup_stm32h723xx.o(.text)
    ADC_IRQHandler                           0x0800038b   Thumb Code     0  startup_stm32h723xx.o(.text)
    BDMA_Channel0_IRQHandler                 0x0800038b   Thumb Code     0  startup_stm32h723xx.o(.text)
    BDMA_Channel1_IRQHandler                 0x0800038b   Thumb Code     0  startup_stm32h723xx.o(.text)
    BDMA_Channel2_IRQHandler                 0x0800038b   Thumb Code     0  startup_stm32h723xx.o(.text)
    BDMA_Channel3_IRQHandler                 0x0800038b   Thumb Code     0  startup_stm32h723xx.o(.text)
    BDMA_Channel4_IRQHandler                 0x0800038b   Thumb Code     0  startup_stm32h723xx.o(.text)
    BDMA_Channel5_IRQHandler                 0x0800038b   Thumb Code     0  startup_stm32h723xx.o(.text)
    BDMA_Channel6_IRQHandler                 0x0800038b   Thumb Code     0  startup_stm32h723xx.o(.text)
    BDMA_Channel7_IRQHandler                 0x0800038b   Thumb Code     0  startup_stm32h723xx.o(.text)
    CEC_IRQHandler                           0x0800038b   Thumb Code     0  startup_stm32h723xx.o(.text)
    COMP1_IRQHandler                         0x0800038b   Thumb Code     0  startup_stm32h723xx.o(.text)
    CORDIC_IRQHandler                        0x0800038b   Thumb Code     0  startup_stm32h723xx.o(.text)
    CRS_IRQHandler                           0x0800038b   Thumb Code     0  startup_stm32h723xx.o(.text)
    DCMI_PSSI_IRQHandler                     0x0800038b   Thumb Code     0  startup_stm32h723xx.o(.text)
    DFSDM1_FLT0_IRQHandler                   0x0800038b   Thumb Code     0  startup_stm32h723xx.o(.text)
    DFSDM1_FLT1_IRQHandler                   0x0800038b   Thumb Code     0  startup_stm32h723xx.o(.text)
    DFSDM1_FLT2_IRQHandler                   0x0800038b   Thumb Code     0  startup_stm32h723xx.o(.text)
    DFSDM1_FLT3_IRQHandler                   0x0800038b   Thumb Code     0  startup_stm32h723xx.o(.text)
    DMA1_Stream1_IRQHandler                  0x0800038b   Thumb Code     0  startup_stm32h723xx.o(.text)
    DMA1_Stream2_IRQHandler                  0x0800038b   Thumb Code     0  startup_stm32h723xx.o(.text)
    DMA1_Stream3_IRQHandler                  0x0800038b   Thumb Code     0  startup_stm32h723xx.o(.text)
    DMA1_Stream4_IRQHandler                  0x0800038b   Thumb Code     0  startup_stm32h723xx.o(.text)
    DMA1_Stream5_IRQHandler                  0x0800038b   Thumb Code     0  startup_stm32h723xx.o(.text)
    DMA1_Stream6_IRQHandler                  0x0800038b   Thumb Code     0  startup_stm32h723xx.o(.text)
    DMA2D_IRQHandler                         0x0800038b   Thumb Code     0  startup_stm32h723xx.o(.text)
    DMA2_Stream0_IRQHandler                  0x0800038b   Thumb Code     0  startup_stm32h723xx.o(.text)
    DMA2_Stream1_IRQHandler                  0x0800038b   Thumb Code     0  startup_stm32h723xx.o(.text)
    DMA2_Stream2_IRQHandler                  0x0800038b   Thumb Code     0  startup_stm32h723xx.o(.text)
    DMA2_Stream3_IRQHandler                  0x0800038b   Thumb Code     0  startup_stm32h723xx.o(.text)
    DMA2_Stream4_IRQHandler                  0x0800038b   Thumb Code     0  startup_stm32h723xx.o(.text)
    DMA2_Stream5_IRQHandler                  0x0800038b   Thumb Code     0  startup_stm32h723xx.o(.text)
    DMA2_Stream6_IRQHandler                  0x0800038b   Thumb Code     0  startup_stm32h723xx.o(.text)
    DMA2_Stream7_IRQHandler                  0x0800038b   Thumb Code     0  startup_stm32h723xx.o(.text)
    DMAMUX1_OVR_IRQHandler                   0x0800038b   Thumb Code     0  startup_stm32h723xx.o(.text)
    DMAMUX2_OVR_IRQHandler                   0x0800038b   Thumb Code     0  startup_stm32h723xx.o(.text)
    DTS_IRQHandler                           0x0800038b   Thumb Code     0  startup_stm32h723xx.o(.text)
    ECC_IRQHandler                           0x0800038b   Thumb Code     0  startup_stm32h723xx.o(.text)
    ETH_IRQHandler                           0x0800038b   Thumb Code     0  startup_stm32h723xx.o(.text)
    ETH_WKUP_IRQHandler                      0x0800038b   Thumb Code     0  startup_stm32h723xx.o(.text)
    EXTI0_IRQHandler                         0x0800038b   Thumb Code     0  startup_stm32h723xx.o(.text)
    EXTI15_10_IRQHandler                     0x0800038b   Thumb Code     0  startup_stm32h723xx.o(.text)
    EXTI1_IRQHandler                         0x0800038b   Thumb Code     0  startup_stm32h723xx.o(.text)
    EXTI2_IRQHandler                         0x0800038b   Thumb Code     0  startup_stm32h723xx.o(.text)
    EXTI3_IRQHandler                         0x0800038b   Thumb Code     0  startup_stm32h723xx.o(.text)
    EXTI4_IRQHandler                         0x0800038b   Thumb Code     0  startup_stm32h723xx.o(.text)
    EXTI9_5_IRQHandler                       0x0800038b   Thumb Code     0  startup_stm32h723xx.o(.text)
    FDCAN1_IT0_IRQHandler                    0x0800038b   Thumb Code     0  startup_stm32h723xx.o(.text)
    FDCAN1_IT1_IRQHandler                    0x0800038b   Thumb Code     0  startup_stm32h723xx.o(.text)
    FDCAN2_IT0_IRQHandler                    0x0800038b   Thumb Code     0  startup_stm32h723xx.o(.text)
    FDCAN2_IT1_IRQHandler                    0x0800038b   Thumb Code     0  startup_stm32h723xx.o(.text)
    FDCAN3_IT0_IRQHandler                    0x0800038b   Thumb Code     0  startup_stm32h723xx.o(.text)
    FDCAN3_IT1_IRQHandler                    0x0800038b   Thumb Code     0  startup_stm32h723xx.o(.text)
    FDCAN_CAL_IRQHandler                     0x0800038b   Thumb Code     0  startup_stm32h723xx.o(.text)
    FLASH_IRQHandler                         0x0800038b   Thumb Code     0  startup_stm32h723xx.o(.text)
    FMAC_IRQHandler                          0x0800038b   Thumb Code     0  startup_stm32h723xx.o(.text)
    FMC_IRQHandler                           0x0800038b   Thumb Code     0  startup_stm32h723xx.o(.text)
    FPU_IRQHandler                           0x0800038b   Thumb Code     0  startup_stm32h723xx.o(.text)
    HSEM1_IRQHandler                         0x0800038b   Thumb Code     0  startup_stm32h723xx.o(.text)
    I2C1_ER_IRQHandler                       0x0800038b   Thumb Code     0  startup_stm32h723xx.o(.text)
    I2C1_EV_IRQHandler                       0x0800038b   Thumb Code     0  startup_stm32h723xx.o(.text)
    I2C2_ER_IRQHandler                       0x0800038b   Thumb Code     0  startup_stm32h723xx.o(.text)
    I2C2_EV_IRQHandler                       0x0800038b   Thumb Code     0  startup_stm32h723xx.o(.text)
    I2C3_ER_IRQHandler                       0x0800038b   Thumb Code     0  startup_stm32h723xx.o(.text)
    I2C3_EV_IRQHandler                       0x0800038b   Thumb Code     0  startup_stm32h723xx.o(.text)
    I2C4_ER_IRQHandler                       0x0800038b   Thumb Code     0  startup_stm32h723xx.o(.text)
    I2C4_EV_IRQHandler                       0x0800038b   Thumb Code     0  startup_stm32h723xx.o(.text)
    I2C5_ER_IRQHandler                       0x0800038b   Thumb Code     0  startup_stm32h723xx.o(.text)
    I2C5_EV_IRQHandler                       0x0800038b   Thumb Code     0  startup_stm32h723xx.o(.text)
    LPTIM1_IRQHandler                        0x0800038b   Thumb Code     0  startup_stm32h723xx.o(.text)
    LPTIM2_IRQHandler                        0x0800038b   Thumb Code     0  startup_stm32h723xx.o(.text)
    LPTIM3_IRQHandler                        0x0800038b   Thumb Code     0  startup_stm32h723xx.o(.text)
    LPTIM4_IRQHandler                        0x0800038b   Thumb Code     0  startup_stm32h723xx.o(.text)
    LPTIM5_IRQHandler                        0x0800038b   Thumb Code     0  startup_stm32h723xx.o(.text)
    LPUART1_IRQHandler                       0x0800038b   Thumb Code     0  startup_stm32h723xx.o(.text)
    LTDC_ER_IRQHandler                       0x0800038b   Thumb Code     0  startup_stm32h723xx.o(.text)
    LTDC_IRQHandler                          0x0800038b   Thumb Code     0  startup_stm32h723xx.o(.text)
    MDIOS_IRQHandler                         0x0800038b   Thumb Code     0  startup_stm32h723xx.o(.text)
    MDIOS_WKUP_IRQHandler                    0x0800038b   Thumb Code     0  startup_stm32h723xx.o(.text)
    MDMA_IRQHandler                          0x0800038b   Thumb Code     0  startup_stm32h723xx.o(.text)
    OCTOSPI1_IRQHandler                      0x0800038b   Thumb Code     0  startup_stm32h723xx.o(.text)
    OCTOSPI2_IRQHandler                      0x0800038b   Thumb Code     0  startup_stm32h723xx.o(.text)
    OTG_HS_EP1_IN_IRQHandler                 0x0800038b   Thumb Code     0  startup_stm32h723xx.o(.text)
    OTG_HS_EP1_OUT_IRQHandler                0x0800038b   Thumb Code     0  startup_stm32h723xx.o(.text)
    OTG_HS_IRQHandler                        0x0800038b   Thumb Code     0  startup_stm32h723xx.o(.text)
    OTG_HS_WKUP_IRQHandler                   0x0800038b   Thumb Code     0  startup_stm32h723xx.o(.text)
    PVD_AVD_IRQHandler                       0x0800038b   Thumb Code     0  startup_stm32h723xx.o(.text)
    RCC_IRQHandler                           0x0800038b   Thumb Code     0  startup_stm32h723xx.o(.text)
    RNG_IRQHandler                           0x0800038b   Thumb Code     0  startup_stm32h723xx.o(.text)
    RTC_Alarm_IRQHandler                     0x0800038b   Thumb Code     0  startup_stm32h723xx.o(.text)
    RTC_WKUP_IRQHandler                      0x0800038b   Thumb Code     0  startup_stm32h723xx.o(.text)
    SAI1_IRQHandler                          0x0800038b   Thumb Code     0  startup_stm32h723xx.o(.text)
    SAI4_IRQHandler                          0x0800038b   Thumb Code     0  startup_stm32h723xx.o(.text)
    SDMMC1_IRQHandler                        0x0800038b   Thumb Code     0  startup_stm32h723xx.o(.text)
    SDMMC2_IRQHandler                        0x0800038b   Thumb Code     0  startup_stm32h723xx.o(.text)
    SPDIF_RX_IRQHandler                      0x0800038b   Thumb Code     0  startup_stm32h723xx.o(.text)
    SPI1_IRQHandler                          0x0800038b   Thumb Code     0  startup_stm32h723xx.o(.text)
    SPI2_IRQHandler                          0x0800038b   Thumb Code     0  startup_stm32h723xx.o(.text)
    SPI3_IRQHandler                          0x0800038b   Thumb Code     0  startup_stm32h723xx.o(.text)
    SPI4_IRQHandler                          0x0800038b   Thumb Code     0  startup_stm32h723xx.o(.text)
    SPI5_IRQHandler                          0x0800038b   Thumb Code     0  startup_stm32h723xx.o(.text)
    SPI6_IRQHandler                          0x0800038b   Thumb Code     0  startup_stm32h723xx.o(.text)
    SWPMI1_IRQHandler                        0x0800038b   Thumb Code     0  startup_stm32h723xx.o(.text)
    TAMP_STAMP_IRQHandler                    0x0800038b   Thumb Code     0  startup_stm32h723xx.o(.text)
    TIM15_IRQHandler                         0x0800038b   Thumb Code     0  startup_stm32h723xx.o(.text)
    TIM16_IRQHandler                         0x0800038b   Thumb Code     0  startup_stm32h723xx.o(.text)
    TIM17_IRQHandler                         0x0800038b   Thumb Code     0  startup_stm32h723xx.o(.text)
    TIM1_BRK_IRQHandler                      0x0800038b   Thumb Code     0  startup_stm32h723xx.o(.text)
    TIM1_CC_IRQHandler                       0x0800038b   Thumb Code     0  startup_stm32h723xx.o(.text)
    TIM1_TRG_COM_IRQHandler                  0x0800038b   Thumb Code     0  startup_stm32h723xx.o(.text)
    TIM1_UP_IRQHandler                       0x0800038b   Thumb Code     0  startup_stm32h723xx.o(.text)
    TIM23_IRQHandler                         0x0800038b   Thumb Code     0  startup_stm32h723xx.o(.text)
    TIM24_IRQHandler                         0x0800038b   Thumb Code     0  startup_stm32h723xx.o(.text)
    TIM2_IRQHandler                          0x0800038b   Thumb Code     0  startup_stm32h723xx.o(.text)
    TIM3_IRQHandler                          0x0800038b   Thumb Code     0  startup_stm32h723xx.o(.text)
    TIM4_IRQHandler                          0x0800038b   Thumb Code     0  startup_stm32h723xx.o(.text)
    TIM5_IRQHandler                          0x0800038b   Thumb Code     0  startup_stm32h723xx.o(.text)
    TIM7_IRQHandler                          0x0800038b   Thumb Code     0  startup_stm32h723xx.o(.text)
    TIM8_BRK_TIM12_IRQHandler                0x0800038b   Thumb Code     0  startup_stm32h723xx.o(.text)
    TIM8_CC_IRQHandler                       0x0800038b   Thumb Code     0  startup_stm32h723xx.o(.text)
    TIM8_TRG_COM_TIM14_IRQHandler            0x0800038b   Thumb Code     0  startup_stm32h723xx.o(.text)
    TIM8_UP_TIM13_IRQHandler                 0x0800038b   Thumb Code     0  startup_stm32h723xx.o(.text)
    UART4_IRQHandler                         0x0800038b   Thumb Code     0  startup_stm32h723xx.o(.text)
    UART5_IRQHandler                         0x0800038b   Thumb Code     0  startup_stm32h723xx.o(.text)
    UART7_IRQHandler                         0x0800038b   Thumb Code     0  startup_stm32h723xx.o(.text)
    UART8_IRQHandler                         0x0800038b   Thumb Code     0  startup_stm32h723xx.o(.text)
    UART9_IRQHandler                         0x0800038b   Thumb Code     0  startup_stm32h723xx.o(.text)
    USART10_IRQHandler                       0x0800038b   Thumb Code     0  startup_stm32h723xx.o(.text)
    USART1_IRQHandler                        0x0800038b   Thumb Code     0  startup_stm32h723xx.o(.text)
    USART2_IRQHandler                        0x0800038b   Thumb Code     0  startup_stm32h723xx.o(.text)
    USART3_IRQHandler                        0x0800038b   Thumb Code     0  startup_stm32h723xx.o(.text)
    USART6_IRQHandler                        0x0800038b   Thumb Code     0  startup_stm32h723xx.o(.text)
    WAKEUP_PIN_IRQHandler                    0x0800038b   Thumb Code     0  startup_stm32h723xx.o(.text)
    WWDG_IRQHandler                          0x0800038b   Thumb Code     0  startup_stm32h723xx.o(.text)
    __user_initial_stackheap                 0x0800038d   Thumb Code     0  startup_stm32h723xx.o(.text)
    __aeabi_uldivmod                         0x080003b5   Thumb Code     0  lludivv7m.o(.text)
    _ll_udiv                                 0x080003b5   Thumb Code   238  lludivv7m.o(.text)
    __aeabi_memcpy                           0x080004a3   Thumb Code     0  rt_memcpy_v6.o(.text)
    __rt_memcpy                              0x080004a3   Thumb Code   138  rt_memcpy_v6.o(.text)
    _memcpy_lastbytes                        0x08000509   Thumb Code     0  rt_memcpy_v6.o(.text)
    __aeabi_memclr4                          0x0800052d   Thumb Code     0  rt_memclr_w.o(.text)
    __aeabi_memclr8                          0x0800052d   Thumb Code     0  rt_memclr_w.o(.text)
    __rt_memclr_w                            0x0800052d   Thumb Code    78  rt_memclr_w.o(.text)
    _memset_w                                0x08000531   Thumb Code     0  rt_memclr_w.o(.text)
    __use_two_region_memory                  0x0800057b   Thumb Code     2  heapauxi.o(.text)
    __rt_heap_escrow$2region                 0x0800057d   Thumb Code     2  heapauxi.o(.text)
    __rt_heap_expand$2region                 0x0800057f   Thumb Code     2  heapauxi.o(.text)
    __aeabi_memcpy4                          0x08000581   Thumb Code     0  rt_memcpy_w.o(.text)
    __aeabi_memcpy8                          0x08000581   Thumb Code     0  rt_memcpy_w.o(.text)
    __rt_memcpy_w                            0x08000581   Thumb Code   100  rt_memcpy_w.o(.text)
    _memcpy_lastbytes_aligned                0x080005c9   Thumb Code     0  rt_memcpy_w.o(.text)
    __user_setup_stackheap                   0x080005e5   Thumb Code    74  sys_stackheap_outer.o(.text)
    exit                                     0x0800062f   Thumb Code    18  exit.o(.text)
    __user_libspace                          0x08000641   Thumb Code     8  libspace.o(.text)
    __user_perproc_libspace                  0x08000641   Thumb Code     0  libspace.o(.text)
    __user_perthread_libspace                0x08000641   Thumb Code     0  libspace.o(.text)
    _sys_exit                                0x08000649   Thumb Code     8  sys_exit.o(.text)
    __I$use$semihosting                      0x08000655   Thumb Code     0  use_no_semi.o(.text)
    __use_no_semihosting_swi                 0x08000655   Thumb Code     2  use_no_semi.o(.text)
    BusFault_Handler                         0x08000657   Thumb Code     2  stm32h7xx_it.o(i.BusFault_Handler)
    __semihosting_library_function           0x08000657   Thumb Code     0  indicate_semi.o(.text)
    Buzzer                                   0x08000659   Thumb Code    16  task.o(i.Buzzer)
    DMA1_Stream0_IRQHandler                  0x080006e1   Thumb Code     6  stm32h7xx_it.o(i.DMA1_Stream0_IRQHandler)
    DMA1_Stream7_IRQHandler                  0x080006ed   Thumb Code     6  stm32h7xx_it.o(i.DMA1_Stream7_IRQHandler)
    DebugMon_Handler                         0x08000b31   Thumb Code     2  stm32h7xx_it.o(i.DebugMon_Handler)
    Dual_PID_Calculate                       0x08000b35   Thumb Code   134  pid.o(i.Dual_PID_Calculate)
    Encoder_Init                             0x08000bcd   Thumb Code    44  encoder.o(i.Encoder_Init)
    Encoder_Update                           0x08000c05   Thumb Code    74  encoder.o(i.Encoder_Update)
    Error_Handler                            0x08000c61   Thumb Code     4  main.o(i.Error_Handler)
    ExitRun0Mode                             0x08000c65   Thumb Code    22  system_stm32h7xx.o(i.ExitRun0Mode)
    Get_Micros                               0x08000c81   Thumb Code     8  delay.o(i.Get_Micros)
    Gyroscope_Init                           0x08000c8d   Thumb Code    10  gyroscope.o(i.Gyroscope_Init)
    HAL_DMA_IRQHandler                       0x08000ca1   Thumb Code  1756  stm32h7xx_hal_dma.o(i.HAL_DMA_IRQHandler)
    HAL_DMA_Init                             0x08001389   Thumb Code   922  stm32h7xx_hal_dma.o(i.HAL_DMA_Init)
    HAL_DMA_Start_IT                         0x08001745   Thumb Code   628  stm32h7xx_hal_dma.o(i.HAL_DMA_Start_IT)
    HAL_Delay                                0x080019e1   Thumb Code    32  stm32h7xx_hal.o(i.HAL_Delay)
    HAL_GPIO_Init                            0x08001a05   Thumb Code   496  stm32h7xx_hal_gpio.o(i.HAL_GPIO_Init)
    HAL_GPIO_WritePin                        0x08001c21   Thumb Code    10  stm32h7xx_hal_gpio.o(i.HAL_GPIO_WritePin)
    HAL_GetTick                              0x08001c2d   Thumb Code     6  stm32h7xx_hal.o(i.HAL_GetTick)
    HAL_IncTick                              0x08001c39   Thumb Code    12  stm32h7xx_hal.o(i.HAL_IncTick)
    HAL_Init                                 0x08001c49   Thumb Code    74  stm32h7xx_hal.o(i.HAL_Init)
    HAL_InitTick                             0x08001ca5   Thumb Code    56  stm32h7xx_hal.o(i.HAL_InitTick)
    HAL_LPTIM_Encoder_Start                  0x08001ce5   Thumb Code    86  stm32h7xx_hal_lptim.o(i.HAL_LPTIM_Encoder_Start)
    HAL_LPTIM_Init                           0x08001d3d   Thumb Code   208  stm32h7xx_hal_lptim.o(i.HAL_LPTIM_Init)
    HAL_LPTIM_MspInit                        0x08001e1d   Thumb Code   154  lptim.o(i.HAL_LPTIM_MspInit)
    HAL_MPU_ConfigRegion                     0x08001ec9   Thumb Code    86  stm32h7xx_hal_cortex.o(i.HAL_MPU_ConfigRegion)
    HAL_MPU_Disable                          0x08001f25   Thumb Code    24  stm32h7xx_hal_cortex.o(i.HAL_MPU_Disable)
    HAL_MPU_Enable                           0x08001f41   Thumb Code    30  stm32h7xx_hal_cortex.o(i.HAL_MPU_Enable)
    HAL_MspInit                              0x08001f65   Thumb Code    22  stm32h7xx_hal_msp.o(i.HAL_MspInit)
    HAL_NVIC_EnableIRQ                       0x08001f81   Thumb Code    26  stm32h7xx_hal_cortex.o(i.HAL_NVIC_EnableIRQ)
    HAL_NVIC_SetPriority                     0x08001f9d   Thumb Code    60  stm32h7xx_hal_cortex.o(i.HAL_NVIC_SetPriority)
    HAL_NVIC_SetPriorityGrouping             0x08001fdd   Thumb Code    28  stm32h7xx_hal_cortex.o(i.HAL_NVIC_SetPriorityGrouping)
    HAL_PWREx_ConfigSupply                   0x08002001   Thumb Code    78  stm32h7xx_hal_pwr_ex.o(i.HAL_PWREx_ConfigSupply)
    HAL_RCCEx_GetD3PCLK1Freq                 0x08002055   Thumb Code    26  stm32h7xx_hal_rcc_ex.o(i.HAL_RCCEx_GetD3PCLK1Freq)
    HAL_RCCEx_GetPLL2ClockFreq               0x08002079   Thumb Code   296  stm32h7xx_hal_rcc_ex.o(i.HAL_RCCEx_GetPLL2ClockFreq)
    HAL_RCCEx_GetPLL3ClockFreq               0x080021bd   Thumb Code   296  stm32h7xx_hal_rcc_ex.o(i.HAL_RCCEx_GetPLL3ClockFreq)
    HAL_RCCEx_PeriphCLKConfig                0x08002301   Thumb Code  2362  stm32h7xx_hal_rcc_ex.o(i.HAL_RCCEx_PeriphCLKConfig)
    HAL_RCC_ClockConfig                      0x08002c3d   Thumb Code   580  stm32h7xx_hal_rcc.o(i.HAL_RCC_ClockConfig)
    HAL_RCC_GetHCLKFreq                      0x08002e99   Thumb Code    52  stm32h7xx_hal_rcc.o(i.HAL_RCC_GetHCLKFreq)
    HAL_RCC_GetPCLK1Freq                     0x08002edd   Thumb Code    26  stm32h7xx_hal_rcc.o(i.HAL_RCC_GetPCLK1Freq)
    HAL_RCC_GetPCLK2Freq                     0x08002f01   Thumb Code    26  stm32h7xx_hal_rcc.o(i.HAL_RCC_GetPCLK2Freq)
    HAL_RCC_GetSysClockFreq                  0x08002f25   Thumb Code   278  stm32h7xx_hal_rcc.o(i.HAL_RCC_GetSysClockFreq)
    HAL_RCC_OscConfig                        0x0800305d   Thumb Code  1318  stm32h7xx_hal_rcc.o(i.HAL_RCC_OscConfig)
    HAL_SYSTICK_Config                       0x08003583   Thumb Code    38  stm32h7xx_hal_cortex.o(i.HAL_SYSTICK_Config)
    HAL_TIMEx_Break2Callback                 0x080035a9   Thumb Code     2  stm32h7xx_hal_tim_ex.o(i.HAL_TIMEx_Break2Callback)
    HAL_TIMEx_BreakCallback                  0x080035ab   Thumb Code     2  stm32h7xx_hal_tim_ex.o(i.HAL_TIMEx_BreakCallback)
    HAL_TIMEx_CommutCallback                 0x080035ad   Thumb Code     2  stm32h7xx_hal_tim_ex.o(i.HAL_TIMEx_CommutCallback)
    HAL_TIMEx_ConfigBreakDeadTime            0x080035b1   Thumb Code   150  stm32h7xx_hal_tim_ex.o(i.HAL_TIMEx_ConfigBreakDeadTime)
    HAL_TIMEx_MasterConfigSynchronization    0x08003651   Thumb Code   146  stm32h7xx_hal_tim_ex.o(i.HAL_TIMEx_MasterConfigSynchronization)
    HAL_TIM_Base_Init                        0x08003709   Thumb Code    98  stm32h7xx_hal_tim.o(i.HAL_TIM_Base_Init)
    HAL_TIM_Base_MspInit                     0x0800376d   Thumb Code    72  tim.o(i.HAL_TIM_Base_MspInit)
    HAL_TIM_Base_Start_IT                    0x080037bd   Thumb Code   118  stm32h7xx_hal_tim.o(i.HAL_TIM_Base_Start_IT)
    HAL_TIM_ConfigClockSource                0x0800385d   Thumb Code   248  stm32h7xx_hal_tim.o(i.HAL_TIM_ConfigClockSource)
    HAL_TIM_Encoder_Init                     0x08003959   Thumb Code   182  stm32h7xx_hal_tim.o(i.HAL_TIM_Encoder_Init)
    HAL_TIM_Encoder_MspInit                  0x08003a15   Thumb Code   250  tim.o(i.HAL_TIM_Encoder_MspInit)
    HAL_TIM_Encoder_Start                    0x08003b31   Thumb Code   142  stm32h7xx_hal_tim.o(i.HAL_TIM_Encoder_Start)
    HAL_TIM_IC_CaptureCallback               0x08003bbf   Thumb Code     2  stm32h7xx_hal_tim.o(i.HAL_TIM_IC_CaptureCallback)
    HAL_TIM_IRQHandler                       0x08003bc1   Thumb Code   328  stm32h7xx_hal_tim.o(i.HAL_TIM_IRQHandler)
    HAL_TIM_MspPostInit                      0x08003d09   Thumb Code    96  tim.o(i.HAL_TIM_MspPostInit)
    HAL_TIM_OC_DelayElapsedCallback          0x08003d75   Thumb Code     2  stm32h7xx_hal_tim.o(i.HAL_TIM_OC_DelayElapsedCallback)
    HAL_TIM_PWM_ConfigChannel                0x08003d77   Thumb Code   292  stm32h7xx_hal_tim.o(i.HAL_TIM_PWM_ConfigChannel)
    HAL_TIM_PWM_Init                         0x08003e9b   Thumb Code    98  stm32h7xx_hal_tim.o(i.HAL_TIM_PWM_Init)
    HAL_TIM_PWM_MspInit                      0x08003efd   Thumb Code    30  tim.o(i.HAL_TIM_PWM_MspInit)
    HAL_TIM_PWM_PulseFinishedCallback        0x08003f25   Thumb Code     2  stm32h7xx_hal_tim.o(i.HAL_TIM_PWM_PulseFinishedCallback)
    HAL_TIM_PWM_Start                        0x08003f29   Thumb Code   244  stm32h7xx_hal_tim.o(i.HAL_TIM_PWM_Start)
    HAL_TIM_PeriodElapsedCallback            0x0800404d   Thumb Code     2  stm32h7xx_hal_tim.o(i.HAL_TIM_PeriodElapsedCallback)
    HAL_TIM_TriggerCallback                  0x0800404f   Thumb Code     2  stm32h7xx_hal_tim.o(i.HAL_TIM_TriggerCallback)
    HAL_UARTEx_DisableFifoMode               0x08004051   Thumb Code    64  stm32h7xx_hal_uart_ex.o(i.HAL_UARTEx_DisableFifoMode)
    HAL_UARTEx_RxEventCallback               0x08004091   Thumb Code     2  stm32h7xx_hal_uart.o(i.HAL_UARTEx_RxEventCallback)
    HAL_UARTEx_SetRxFifoThreshold            0x08004093   Thumb Code    76  stm32h7xx_hal_uart_ex.o(i.HAL_UARTEx_SetRxFifoThreshold)
    HAL_UARTEx_SetTxFifoThreshold            0x080040df   Thumb Code    76  stm32h7xx_hal_uart_ex.o(i.HAL_UARTEx_SetTxFifoThreshold)
    HAL_UART_ErrorCallback                   0x0800412b   Thumb Code     2  stm32h7xx_hal_uart.o(i.HAL_UART_ErrorCallback)
    HAL_UART_Init                            0x0800412d   Thumb Code   106  stm32h7xx_hal_uart.o(i.HAL_UART_Init)
    HAL_UART_MspInit                         0x08004199   Thumb Code   224  usart.o(i.HAL_UART_MspInit)
    HAL_UART_Receive_DMA                     0x0800428d   Thumb Code    66  stm32h7xx_hal_uart.o(i.HAL_UART_Receive_DMA)
    HAL_UART_RxCpltCallback                  0x080042d5   Thumb Code   278  gyroscope.o(i.HAL_UART_RxCpltCallback)
    HAL_UART_RxHalfCpltCallback              0x080043f5   Thumb Code     2  stm32h7xx_hal_uart.o(i.HAL_UART_RxHalfCpltCallback)
    HardFault_Handler                        0x080043f7   Thumb Code     2  stm32h7xx_it.o(i.HardFault_Handler)
    MX_DMA_Init                              0x0800442d   Thumb Code    56  dma.o(i.MX_DMA_Init)
    MX_GPIO_Init                             0x08004469   Thumb Code   252  gpio.o(i.MX_GPIO_Init)
    MX_LPTIM2_Init                           0x08004575   Thumb Code    56  lptim.o(i.MX_LPTIM2_Init)
    MX_TIM1_Init                             0x080045b5   Thumb Code   214  tim.o(i.MX_TIM1_Init)
    MX_TIM2_Init                             0x08004695   Thumb Code   100  tim.o(i.MX_TIM2_Init)
    MX_TIM3_Init                             0x080046fd   Thumb Code    98  tim.o(i.MX_TIM3_Init)
    MX_TIM4_Init                             0x08004769   Thumb Code    98  tim.o(i.MX_TIM4_Init)
    MX_TIM5_Init                             0x080047d5   Thumb Code    98  tim.o(i.MX_TIM5_Init)
    MX_TIM6_Init                             0x08004841   Thumb Code    66  tim.o(i.MX_TIM6_Init)
    MX_TIM8_Init                             0x0800488d   Thumb Code   102  tim.o(i.MX_TIM8_Init)
    MX_UART4_Init                            0x080048fd   Thumb Code    94  usart.o(i.MX_UART4_Init)
    MemManage_Handler                        0x08004965   Thumb Code     2  stm32h7xx_it.o(i.MemManage_Handler)
    Motor_Control                            0x08004969   Thumb Code   186  motor.o(i.Motor_Control)
    Motor_Init                               0x08004a3d   Thumb Code    22  motor.o(i.Motor_Init)
    NMI_Handler                              0x08004a59   Thumb Code     2  stm32h7xx_it.o(i.NMI_Handler)
    OLED_Clear                               0x08004a5b   Thumb Code    38  oled.o(i.OLED_Clear)
    OLED_I2C_Init                            0x08004a81   Thumb Code    66  oled.o(i.OLED_I2C_Init)
    OLED_I2C_SendByte                        0x08004ad1   Thumb Code    78  oled.o(i.OLED_I2C_SendByte)
    OLED_I2C_Start                           0x08004b25   Thumb Code    48  oled.o(i.OLED_I2C_Start)
    OLED_I2C_Stop                            0x08004b59   Thumb Code    38  oled.o(i.OLED_I2C_Stop)
    OLED_Init                                0x08004b85   Thumb Code   172  oled.o(i.OLED_Init)
    OLED_SetCursor                           0x08004c31   Thumb Code    34  oled.o(i.OLED_SetCursor)
    OLED_WriteCommand                        0x08004c53   Thumb Code    34  oled.o(i.OLED_WriteCommand)
    OLED_WriteData                           0x08004c75   Thumb Code    34  oled.o(i.OLED_WriteData)
    PendSV_Handler                           0x08004c97   Thumb Code     2  stm32h7xx_it.o(i.PendSV_Handler)
    SVC_Handler                              0x08004ed9   Thumb Code     2  stm32h7xx_it.o(i.SVC_Handler)
    SysTick_Handler                          0x08004edb   Thumb Code     4  stm32h7xx_it.o(i.SysTick_Handler)
    SystemClock_Config                       0x08004ee1   Thumb Code   146  main.o(i.SystemClock_Config)
    SystemInit                               0x08004f79   Thumb Code   184  system_stm32h7xx.o(i.SystemInit)
    TIM6_DAC_IRQHandler                      0x08005051   Thumb Code   132  stm32h7xx_it.o(i.TIM6_DAC_IRQHandler)
    TIM_Base_SetConfig                       0x08005105   Thumb Code   182  stm32h7xx_hal_tim.o(i.TIM_Base_SetConfig)
    TIM_CCxChannelCmd                        0x080051e5   Thumb Code    26  stm32h7xx_hal_tim.o(i.TIM_CCxChannelCmd)
    TIM_ETR_SetConfig                        0x080051ff   Thumb Code    18  stm32h7xx_hal_tim.o(i.TIM_ETR_SetConfig)
    TIM_OC2_SetConfig                        0x080052c9   Thumb Code   126  stm32h7xx_hal_tim.o(i.TIM_OC2_SetConfig)
    Task1                                    0x080055a1   Thumb Code    62  task.o(i.Task1)
    UART_AdvFeatureConfig                    0x08005631   Thumb Code   200  stm32h7xx_hal_uart.o(i.UART_AdvFeatureConfig)
    UART_CheckIdleState                      0x080056f9   Thumb Code   170  stm32h7xx_hal_uart.o(i.UART_CheckIdleState)
    UART_SetConfig                           0x08005919   Thumb Code   914  stm32h7xx_hal_uart.o(i.UART_SetConfig)
    UART_Start_Receive_DMA                   0x08005cf5   Thumb Code   156  stm32h7xx_hal_uart.o(i.UART_Start_Receive_DMA)
    UART_WaitOnFlagUntilTimeout              0x08005d9d   Thumb Code   148  stm32h7xx_hal_uart.o(i.UART_WaitOnFlagUntilTimeout)
    UsageFault_Handler                       0x08005e31   Thumb Code     2  stm32h7xx_it.o(i.UsageFault_Handler)
    __hardfp_fmax                            0x08005e55   Thumb Code    98  fmax.o(i.__hardfp_fmax)
    __hardfp_fmin                            0x08005eb7   Thumb Code    98  fmin.o(i.__hardfp_fmin)
    checkSum                                 0x08005f19   Thumb Code    40  gyroscope.o(i.checkSum)
    forward_left_pwm                         0x08005f41   Thumb Code    42  pid.o(i.forward_left_pwm)
    forward_right_pwm                        0x08005f7d   Thumb Code    42  pid.o(i.forward_right_pwm)
    main                                     0x08005fb9   Thumb Code   174  main.o(i.main)
    __dcmp4                                  0x08006075   Thumb Code    24  dcmp4.o(x$fpl$dcmp4)
    __ARM_dcmp4                              0x0800608d   Thumb Code     0  dcmp4.o(x$fpl$dcmp4)
    _dcmp4                                   0x0800608d   Thumb Code    58  dcmp4.o(x$fpl$dcmp4)
    __dcmp4e                                 0x080060c7   Thumb Code    24  dcmp4.o(x$fpl$dcmp4)
    __ARM_dcmp4e                             0x080060df   Thumb Code     0  dcmp4.o(x$fpl$dcmp4)
    _dcmp4e                                  0x080060df   Thumb Code    52  dcmp4.o(x$fpl$dcmp4)
    __fpl_dcmp_Inf                           0x08006113   Thumb Code    24  dcmpi.o(x$fpl$dcmpinf)
    __fpl_dnaninf                            0x0800612b   Thumb Code   156  dnaninf.o(x$fpl$dnaninf)
    _fp_init                                 0x080061c7   Thumb Code    10  fpinit.o(x$fpl$fpinit)
    __fplib_config_fpu_vfp                   0x080061cf   Thumb Code     0  fpinit.o(x$fpl$fpinit)
    __fplib_config_pureend_doubles           0x080061cf   Thumb Code     0  fpinit.o(x$fpl$fpinit)
    __I$use$fp                               0x080061d0   Number         0  usenofp.o(x$fpl$usenofp)
    UARTPrescTable                           0x080061d8   Data          24  stm32h7xx_hal_uart.o(.constdata)
    D1CorePrescTable                         0x08006200   Data          16  system_stm32h7xx.o(.constdata)
    Region$$Table$$Base                      0x08006210   Number         0  anon$$obj.o(Region$$Table)
    Region$$Table$$Limit                     0x08006240   Number         0  anon$$obj.o(Region$$Table)
    huart4                                   0x20000000   Data         148  usart.o(.bss)
    hdma_uart4_rx                            0x20000094   Data         120  usart.o(.bss)
    hdma_uart4_tx                            0x2000010c   Data         120  usart.o(.bss)
    Task_Flag                                0x24000000   Data           1  encoder.o(.data)
    Task_Count                               0x24000001   Data           1  encoder.o(.data)
    ctrl                                     0x2400000c   Data          32  pid.o(.data)
    Sensor_output                            0x2400002c   Data           4  sensor.o(.data)
    sensor                                   0x24000030   Data           5  sensor.o(.data)
    TaskState2                               0x24000038   Data           1  task.o(.data)
    TaskState34                              0x24000039   Data           1  task.o(.data)
    Buzzer_flag                              0x2400003a   Data           1  task.o(.data)
    Buzzer_time                              0x2400003c   Data           4  task.o(.data)
    Task_left_pwm                            0x24000048   Data           8  stm32h7xx_it.o(.data)
    Task_right_pwm                           0x24000050   Data           8  stm32h7xx_it.o(.data)
    uwTickFreq                               0x24000058   Data           1  stm32h7xx_hal.o(.data)
    uwTickPrio                               0x2400005c   Data           4  stm32h7xx_hal.o(.data)
    uwTick                                   0x24000060   Data           4  stm32h7xx_hal.o(.data)
    SystemCoreClock                          0x24000064   Data           4  system_stm32h7xx.o(.data)
    SystemD2Clock                            0x24000068   Data           4  system_stm32h7xx.o(.data)
    encoder_L1                               0x2400006c   Data          12  encoder.o(.bss)
    encoder_R1                               0x24000078   Data          12  encoder.o(.bss)
    gyroData                                 0x24000084   Data          36  gyroscope.o(.bss)
    hlptim2                                  0x240000dc   Data          56  lptim.o(.bss)
    htim1                                    0x24000114   Data          76  tim.o(.bss)
    htim2                                    0x24000160   Data          76  tim.o(.bss)
    htim3                                    0x240001ac   Data          76  tim.o(.bss)
    htim4                                    0x240001f8   Data          76  tim.o(.bss)
    htim5                                    0x24000244   Data          76  tim.o(.bss)
    htim6                                    0x24000290   Data          76  tim.o(.bss)
    htim8                                    0x240002dc   Data          76  tim.o(.bss)
    __libspace_start                         0x24000328   Data          96  libspace.o(.bss)
    __temporary_stack_top$libspace           0x24000388   Data           0  libspace.o(.bss)



==============================================================================

Memory Map of the image

  Image Entry point : 0x080002cd

  Load Region LR_IROM1 (Base: 0x08000000, Size: 0x000062ac, Max: 0x00100000, ABSOLUTE)

    Execution Region ER_IROM1 (Exec base: 0x08000000, Load base: 0x08000000, Size: 0x00006240, Max: 0x00100000, ABSOLUTE)

    Exec Addr    Load Addr    Size         Type   Attr      Idx    E Section Name        Object

    0x08000000   0x08000000   0x000002cc   Data   RO            3    RESET               startup_stm32h723xx.o
    0x080002cc   0x080002cc   0x00000008   Code   RO         5354  * !!!main             c_w.l(__main.o)
    0x080002d4   0x080002d4   0x00000034   Code   RO         5538    !!!scatter          c_w.l(__scatter.o)
    0x08000308   0x08000308   0x0000001a   Code   RO         5540    !!handler_copy      c_w.l(__scatter_copy.o)
    0x08000322   0x08000322   0x00000002   PAD
    0x08000324   0x08000324   0x0000001c   Code   RO         5542    !!handler_zi        c_w.l(__scatter_zi.o)
    0x08000340   0x08000340   0x00000002   Code   RO         5408    .ARM.Collect$$libinit$$00000000  c_w.l(libinit.o)
    0x08000342   0x08000342   0x00000004   Code   RO         5420    .ARM.Collect$$libinit$$00000001  c_w.l(libinit2.o)
    0x08000346   0x08000346   0x00000000   Code   RO         5423    .ARM.Collect$$libinit$$00000004  c_w.l(libinit2.o)
    0x08000346   0x08000346   0x00000000   Code   RO         5426    .ARM.Collect$$libinit$$0000000A  c_w.l(libinit2.o)
    0x08000346   0x08000346   0x00000000   Code   RO         5428    .ARM.Collect$$libinit$$0000000C  c_w.l(libinit2.o)
    0x08000346   0x08000346   0x00000000   Code   RO         5430    .ARM.Collect$$libinit$$0000000E  c_w.l(libinit2.o)
    0x08000346   0x08000346   0x00000000   Code   RO         5433    .ARM.Collect$$libinit$$00000011  c_w.l(libinit2.o)
    0x08000346   0x08000346   0x00000000   Code   RO         5435    .ARM.Collect$$libinit$$00000013  c_w.l(libinit2.o)
    0x08000346   0x08000346   0x00000000   Code   RO         5437    .ARM.Collect$$libinit$$00000015  c_w.l(libinit2.o)
    0x08000346   0x08000346   0x00000000   Code   RO         5439    .ARM.Collect$$libinit$$00000017  c_w.l(libinit2.o)
    0x08000346   0x08000346   0x00000000   Code   RO         5441    .ARM.Collect$$libinit$$00000019  c_w.l(libinit2.o)
    0x08000346   0x08000346   0x00000000   Code   RO         5443    .ARM.Collect$$libinit$$0000001B  c_w.l(libinit2.o)
    0x08000346   0x08000346   0x00000000   Code   RO         5445    .ARM.Collect$$libinit$$0000001D  c_w.l(libinit2.o)
    0x08000346   0x08000346   0x00000000   Code   RO         5447    .ARM.Collect$$libinit$$0000001F  c_w.l(libinit2.o)
    0x08000346   0x08000346   0x00000000   Code   RO         5449    .ARM.Collect$$libinit$$00000021  c_w.l(libinit2.o)
    0x08000346   0x08000346   0x00000000   Code   RO         5451    .ARM.Collect$$libinit$$00000023  c_w.l(libinit2.o)
    0x08000346   0x08000346   0x00000000   Code   RO         5453    .ARM.Collect$$libinit$$00000025  c_w.l(libinit2.o)
    0x08000346   0x08000346   0x00000000   Code   RO         5457    .ARM.Collect$$libinit$$0000002C  c_w.l(libinit2.o)
    0x08000346   0x08000346   0x00000000   Code   RO         5459    .ARM.Collect$$libinit$$0000002E  c_w.l(libinit2.o)
    0x08000346   0x08000346   0x00000000   Code   RO         5461    .ARM.Collect$$libinit$$00000030  c_w.l(libinit2.o)
    0x08000346   0x08000346   0x00000000   Code   RO         5463    .ARM.Collect$$libinit$$00000032  c_w.l(libinit2.o)
    0x08000346   0x08000346   0x00000002   Code   RO         5464    .ARM.Collect$$libinit$$00000033  c_w.l(libinit2.o)
    0x08000348   0x08000348   0x00000002   Code   RO         5495    .ARM.Collect$$libshutdown$$00000000  c_w.l(libshutdown.o)
    0x0800034a   0x0800034a   0x00000000   Code   RO         5521    .ARM.Collect$$libshutdown$$00000002  c_w.l(libshutdown2.o)
    0x0800034a   0x0800034a   0x00000000   Code   RO         5523    .ARM.Collect$$libshutdown$$00000004  c_w.l(libshutdown2.o)
    0x0800034a   0x0800034a   0x00000000   Code   RO         5526    .ARM.Collect$$libshutdown$$00000007  c_w.l(libshutdown2.o)
    0x0800034a   0x0800034a   0x00000000   Code   RO         5529    .ARM.Collect$$libshutdown$$0000000A  c_w.l(libshutdown2.o)
    0x0800034a   0x0800034a   0x00000000   Code   RO         5531    .ARM.Collect$$libshutdown$$0000000C  c_w.l(libshutdown2.o)
    0x0800034a   0x0800034a   0x00000000   Code   RO         5534    .ARM.Collect$$libshutdown$$0000000F  c_w.l(libshutdown2.o)
    0x0800034a   0x0800034a   0x00000002   Code   RO         5535    .ARM.Collect$$libshutdown$$00000010  c_w.l(libshutdown2.o)
    0x0800034c   0x0800034c   0x00000000   Code   RO         5364    .ARM.Collect$$rtentry$$00000000  c_w.l(__rtentry.o)
    0x0800034c   0x0800034c   0x00000000   Code   RO         5375    .ARM.Collect$$rtentry$$00000002  c_w.l(__rtentry2.o)
    0x0800034c   0x0800034c   0x00000006   Code   RO         5387    .ARM.Collect$$rtentry$$00000004  c_w.l(__rtentry4.o)
    0x08000352   0x08000352   0x00000000   Code   RO         5377    .ARM.Collect$$rtentry$$00000009  c_w.l(__rtentry2.o)
    0x08000352   0x08000352   0x00000004   Code   RO         5378    .ARM.Collect$$rtentry$$0000000A  c_w.l(__rtentry2.o)
    0x08000356   0x08000356   0x00000000   Code   RO         5380    .ARM.Collect$$rtentry$$0000000C  c_w.l(__rtentry2.o)
    0x08000356   0x08000356   0x00000008   Code   RO         5381    .ARM.Collect$$rtentry$$0000000D  c_w.l(__rtentry2.o)
    0x0800035e   0x0800035e   0x00000002   Code   RO         5412    .ARM.Collect$$rtexit$$00000000  c_w.l(rtexit.o)
    0x08000360   0x08000360   0x00000000   Code   RO         5468    .ARM.Collect$$rtexit$$00000002  c_w.l(rtexit2.o)
    0x08000360   0x08000360   0x00000004   Code   RO         5469    .ARM.Collect$$rtexit$$00000003  c_w.l(rtexit2.o)
    0x08000364   0x08000364   0x00000006   Code   RO         5470    .ARM.Collect$$rtexit$$00000004  c_w.l(rtexit2.o)
    0x0800036a   0x0800036a   0x00000002   PAD
    0x0800036c   0x0800036c   0x00000048   Code   RO            4    .text               startup_stm32h723xx.o
    0x080003b4   0x080003b4   0x000000ee   Code   RO         5346    .text               c_w.l(lludivv7m.o)
    0x080004a2   0x080004a2   0x0000008a   Code   RO         5348    .text               c_w.l(rt_memcpy_v6.o)
    0x0800052c   0x0800052c   0x0000004e   Code   RO         5350    .text               c_w.l(rt_memclr_w.o)
    0x0800057a   0x0800057a   0x00000006   Code   RO         5352    .text               c_w.l(heapauxi.o)
    0x08000580   0x08000580   0x00000064   Code   RO         5369    .text               c_w.l(rt_memcpy_w.o)
    0x080005e4   0x080005e4   0x0000004a   Code   RO         5395    .text               c_w.l(sys_stackheap_outer.o)
    0x0800062e   0x0800062e   0x00000012   Code   RO         5397    .text               c_w.l(exit.o)
    0x08000640   0x08000640   0x00000008   Code   RO         5409    .text               c_w.l(libspace.o)
    0x08000648   0x08000648   0x0000000c   Code   RO         5465    .text               c_w.l(sys_exit.o)
    0x08000654   0x08000654   0x00000002   Code   RO         5484    .text               c_w.l(use_no_semi.o)
    0x08000656   0x08000656   0x00000000   Code   RO         5486    .text               c_w.l(indicate_semi.o)
    0x08000656   0x08000656   0x00000002   Code   RO          935    i.BusFault_Handler  stm32h7xx_it.o
    0x08000658   0x08000658   0x00000014   Code   RO          558    i.Buzzer            task.o
    0x0800066c   0x0800066c   0x00000024   Code   RO          266    i.CalculateAcceleration  gyroscope.o
    0x08000690   0x08000690   0x00000028   Code   RO          267    i.CalculateAngularVelocity  gyroscope.o
    0x080006b8   0x080006b8   0x00000028   Code   RO          268    i.CalculateEulerAngle  gyroscope.o
    0x080006e0   0x080006e0   0x0000000c   Code   RO          936    i.DMA1_Stream0_IRQHandler  stm32h7xx_it.o
    0x080006ec   0x080006ec   0x0000000c   Code   RO          937    i.DMA1_Stream7_IRQHandler  stm32h7xx_it.o
    0x080006f8   0x080006f8   0x000000b4   Code   RO         2106    i.DMA_CalcBaseAndBitshift  stm32h7xx_hal_dma.o
    0x080007ac   0x080007ac   0x0000009c   Code   RO         2107    i.DMA_CalcDMAMUXChannelBaseAndMask  stm32h7xx_hal_dma.o
    0x08000848   0x08000848   0x00000074   Code   RO         2108    i.DMA_CalcDMAMUXRequestGenBaseAndMask  stm32h7xx_hal_dma.o
    0x080008bc   0x080008bc   0x00000054   Code   RO         2109    i.DMA_CheckFifoParam  stm32h7xx_hal_dma.o
    0x08000910   0x08000910   0x00000220   Code   RO         2110    i.DMA_SetConfig     stm32h7xx_hal_dma.o
    0x08000b30   0x08000b30   0x00000002   Code   RO          938    i.DebugMon_Handler  stm32h7xx_it.o
    0x08000b32   0x08000b32   0x00000002   PAD
    0x08000b34   0x08000b34   0x00000098   Code   RO          472    i.Dual_PID_Calculate  pid.o
    0x08000bcc   0x08000bcc   0x00000038   Code   RO          174    i.Encoder_Init      encoder.o
    0x08000c04   0x08000c04   0x0000005c   Code   RO          175    i.Encoder_Update    encoder.o
    0x08000c60   0x08000c60   0x00000004   Code   RO          606    i.Error_Handler     main.o
    0x08000c64   0x08000c64   0x0000001c   Code   RO         5304    i.ExitRun0Mode      system_stm32h7xx.o
    0x08000c80   0x08000c80   0x0000000c   Code   RO           15    i.Get_Micros        delay.o
    0x08000c8c   0x08000c8c   0x00000014   Code   RO          269    i.Gyroscope_Init    gyroscope.o
    0x08000ca0   0x08000ca0   0x000006e8   Code   RO         2116    i.HAL_DMA_IRQHandler  stm32h7xx_hal_dma.o
    0x08001388   0x08001388   0x000003bc   Code   RO         2117    i.HAL_DMA_Init      stm32h7xx_hal_dma.o
    0x08001744   0x08001744   0x0000029c   Code   RO         2121    i.HAL_DMA_Start_IT  stm32h7xx_hal_dma.o
    0x080019e0   0x080019e0   0x00000024   Code   RO         2808    i.HAL_Delay         stm32h7xx_hal.o
    0x08001a04   0x08001a04   0x0000021c   Code   RO         1959    i.HAL_GPIO_Init     stm32h7xx_hal_gpio.o
    0x08001c20   0x08001c20   0x0000000a   Code   RO         1963    i.HAL_GPIO_WritePin  stm32h7xx_hal_gpio.o
    0x08001c2a   0x08001c2a   0x00000002   PAD
    0x08001c2c   0x08001c2c   0x0000000c   Code   RO         2824    i.HAL_GetTick       stm32h7xx_hal.o
    0x08001c38   0x08001c38   0x00000010   Code   RO         2830    i.HAL_IncTick       stm32h7xx_hal.o
    0x08001c48   0x08001c48   0x0000005c   Code   RO         2831    i.HAL_Init          stm32h7xx_hal.o
    0x08001ca4   0x08001ca4   0x00000040   Code   RO         2832    i.HAL_InitTick      stm32h7xx_hal.o
    0x08001ce4   0x08001ce4   0x00000056   Code   RO         1225    i.HAL_LPTIM_Encoder_Start  stm32h7xx_hal_lptim.o
    0x08001d3a   0x08001d3a   0x00000002   PAD
    0x08001d3c   0x08001d3c   0x000000e0   Code   RO         1231    i.HAL_LPTIM_Init    stm32h7xx_hal_lptim.o
    0x08001e1c   0x08001e1c   0x000000ac   Code   RO          726    i.HAL_LPTIM_MspInit  lptim.o
    0x08001ec8   0x08001ec8   0x0000005c   Code   RO         1062    i.HAL_MPU_ConfigRegion  stm32h7xx_hal_cortex.o
    0x08001f24   0x08001f24   0x0000001c   Code   RO         1063    i.HAL_MPU_Disable   stm32h7xx_hal_cortex.o
    0x08001f40   0x08001f40   0x00000024   Code   RO         1065    i.HAL_MPU_Enable    stm32h7xx_hal_cortex.o
    0x08001f64   0x08001f64   0x0000001c   Code   RO         1037    i.HAL_MspInit       stm32h7xx_hal_msp.o
    0x08001f80   0x08001f80   0x0000001a   Code   RO         1069    i.HAL_NVIC_EnableIRQ  stm32h7xx_hal_cortex.o
    0x08001f9a   0x08001f9a   0x00000002   PAD
    0x08001f9c   0x08001f9c   0x00000040   Code   RO         1075    i.HAL_NVIC_SetPriority  stm32h7xx_hal_cortex.o
    0x08001fdc   0x08001fdc   0x00000024   Code   RO         1076    i.HAL_NVIC_SetPriorityGrouping  stm32h7xx_hal_cortex.o
    0x08002000   0x08002000   0x00000054   Code   RO         2560    i.HAL_PWREx_ConfigSupply  stm32h7xx_hal_pwr_ex.o
    0x08002054   0x08002054   0x00000024   Code   RO         1602    i.HAL_RCCEx_GetD3PCLK1Freq  stm32h7xx_hal_rcc_ex.o
    0x08002078   0x08002078   0x00000144   Code   RO         1604    i.HAL_RCCEx_GetPLL2ClockFreq  stm32h7xx_hal_rcc_ex.o
    0x080021bc   0x080021bc   0x00000144   Code   RO         1605    i.HAL_RCCEx_GetPLL3ClockFreq  stm32h7xx_hal_rcc_ex.o
    0x08002300   0x08002300   0x0000093a   Code   RO         1611    i.HAL_RCCEx_PeriphCLKConfig  stm32h7xx_hal_rcc_ex.o
    0x08002c3a   0x08002c3a   0x00000002   PAD
    0x08002c3c   0x08002c3c   0x0000025c   Code   RO         1487    i.HAL_RCC_ClockConfig  stm32h7xx_hal_rcc.o
    0x08002e98   0x08002e98   0x00000044   Code   RO         1492    i.HAL_RCC_GetHCLKFreq  stm32h7xx_hal_rcc.o
    0x08002edc   0x08002edc   0x00000024   Code   RO         1494    i.HAL_RCC_GetPCLK1Freq  stm32h7xx_hal_rcc.o
    0x08002f00   0x08002f00   0x00000024   Code   RO         1495    i.HAL_RCC_GetPCLK2Freq  stm32h7xx_hal_rcc.o
    0x08002f24   0x08002f24   0x00000138   Code   RO         1496    i.HAL_RCC_GetSysClockFreq  stm32h7xx_hal_rcc.o
    0x0800305c   0x0800305c   0x00000526   Code   RO         1499    i.HAL_RCC_OscConfig  stm32h7xx_hal_rcc.o
    0x08003582   0x08003582   0x00000026   Code   RO         1080    i.HAL_SYSTICK_Config  stm32h7xx_hal_cortex.o
    0x080035a8   0x080035a8   0x00000002   Code   RO         4463    i.HAL_TIMEx_Break2Callback  stm32h7xx_hal_tim_ex.o
    0x080035aa   0x080035aa   0x00000002   Code   RO         4464    i.HAL_TIMEx_BreakCallback  stm32h7xx_hal_tim_ex.o
    0x080035ac   0x080035ac   0x00000002   Code   RO         4465    i.HAL_TIMEx_CommutCallback  stm32h7xx_hal_tim_ex.o
    0x080035ae   0x080035ae   0x00000002   PAD
    0x080035b0   0x080035b0   0x000000a0   Code   RO         4467    i.HAL_TIMEx_ConfigBreakDeadTime  stm32h7xx_hal_tim_ex.o
    0x08003650   0x08003650   0x000000b8   Code   RO         4486    i.HAL_TIMEx_MasterConfigSynchronization  stm32h7xx_hal_tim_ex.o
    0x08003708   0x08003708   0x00000062   Code   RO         3749    i.HAL_TIM_Base_Init  stm32h7xx_hal_tim.o
    0x0800376a   0x0800376a   0x00000002   PAD
    0x0800376c   0x0800376c   0x00000050   Code   RO          786    i.HAL_TIM_Base_MspInit  tim.o
    0x080037bc   0x080037bc   0x000000a0   Code   RO         3754    i.HAL_TIM_Base_Start_IT  stm32h7xx_hal_tim.o
    0x0800385c   0x0800385c   0x000000fc   Code   RO         3758    i.HAL_TIM_ConfigClockSource  stm32h7xx_hal_tim.o
    0x08003958   0x08003958   0x000000bc   Code   RO         3770    i.HAL_TIM_Encoder_Init  stm32h7xx_hal_tim.o
    0x08003a14   0x08003a14   0x0000011c   Code   RO          788    i.HAL_TIM_Encoder_MspInit  tim.o
    0x08003b30   0x08003b30   0x0000008e   Code   RO         3773    i.HAL_TIM_Encoder_Start  stm32h7xx_hal_tim.o
    0x08003bbe   0x08003bbe   0x00000002   Code   RO         3783    i.HAL_TIM_IC_CaptureCallback  stm32h7xx_hal_tim.o
    0x08003bc0   0x08003bc0   0x00000148   Code   RO         3797    i.HAL_TIM_IRQHandler  stm32h7xx_hal_tim.o
    0x08003d08   0x08003d08   0x0000006c   Code   RO          789    i.HAL_TIM_MspPostInit  tim.o
    0x08003d74   0x08003d74   0x00000002   Code   RO         3800    i.HAL_TIM_OC_DelayElapsedCallback  stm32h7xx_hal_tim.o
    0x08003d76   0x08003d76   0x00000124   Code   RO         3821    i.HAL_TIM_PWM_ConfigChannel  stm32h7xx_hal_tim.o
    0x08003e9a   0x08003e9a   0x00000062   Code   RO         3824    i.HAL_TIM_PWM_Init  stm32h7xx_hal_tim.o
    0x08003efc   0x08003efc   0x00000028   Code   RO          791    i.HAL_TIM_PWM_MspInit  tim.o
    0x08003f24   0x08003f24   0x00000002   Code   RO         3827    i.HAL_TIM_PWM_PulseFinishedCallback  stm32h7xx_hal_tim.o
    0x08003f26   0x08003f26   0x00000002   PAD
    0x08003f28   0x08003f28   0x00000124   Code   RO         3829    i.HAL_TIM_PWM_Start  stm32h7xx_hal_tim.o
    0x0800404c   0x0800404c   0x00000002   Code   RO         3835    i.HAL_TIM_PeriodElapsedCallback  stm32h7xx_hal_tim.o
    0x0800404e   0x0800404e   0x00000002   Code   RO         3840    i.HAL_TIM_TriggerCallback  stm32h7xx_hal_tim.o
    0x08004050   0x08004050   0x00000040   Code   RO         5186    i.HAL_UARTEx_DisableFifoMode  stm32h7xx_hal_uart_ex.o
    0x08004090   0x08004090   0x00000002   Code   RO         4775    i.HAL_UARTEx_RxEventCallback  stm32h7xx_hal_uart.o
    0x08004092   0x08004092   0x0000004c   Code   RO         5195    i.HAL_UARTEx_SetRxFifoThreshold  stm32h7xx_hal_uart_ex.o
    0x080040de   0x080040de   0x0000004c   Code   RO         5196    i.HAL_UARTEx_SetTxFifoThreshold  stm32h7xx_hal_uart_ex.o
    0x0800412a   0x0800412a   0x00000002   Code   RO         4791    i.HAL_UART_ErrorCallback  stm32h7xx_hal_uart.o
    0x0800412c   0x0800412c   0x0000006a   Code   RO         4795    i.HAL_UART_Init     stm32h7xx_hal_uart.o
    0x08004196   0x08004196   0x00000002   PAD
    0x08004198   0x08004198   0x000000f4   Code   RO          894    i.HAL_UART_MspInit  usart.o
    0x0800428c   0x0800428c   0x00000048   Code   RO         4799    i.HAL_UART_Receive_DMA  stm32h7xx_hal_uart.o
    0x080042d4   0x080042d4   0x00000120   Code   RO          270    i.HAL_UART_RxCpltCallback  gyroscope.o
    0x080043f4   0x080043f4   0x00000002   Code   RO         4803    i.HAL_UART_RxHalfCpltCallback  stm32h7xx_hal_uart.o
    0x080043f6   0x080043f6   0x00000002   Code   RO          939    i.HardFault_Handler  stm32h7xx_it.o
    0x080043f8   0x080043f8   0x00000034   Code   RO         1255    i.LPTIM_WaitForFlag  stm32h7xx_hal_lptim.o
    0x0800442c   0x0800442c   0x0000003c   Code   RO          701    i.MX_DMA_Init       dma.o
    0x08004468   0x08004468   0x0000010c   Code   RO          677    i.MX_GPIO_Init      gpio.o
    0x08004574   0x08004574   0x00000040   Code   RO          727    i.MX_LPTIM2_Init    lptim.o
    0x080045b4   0x080045b4   0x000000e0   Code   RO          792    i.MX_TIM1_Init      tim.o
    0x08004694   0x08004694   0x00000068   Code   RO          793    i.MX_TIM2_Init      tim.o
    0x080046fc   0x080046fc   0x0000006c   Code   RO          794    i.MX_TIM3_Init      tim.o
    0x08004768   0x08004768   0x0000006c   Code   RO          795    i.MX_TIM4_Init      tim.o
    0x080047d4   0x080047d4   0x0000006c   Code   RO          796    i.MX_TIM5_Init      tim.o
    0x08004840   0x08004840   0x0000004c   Code   RO          797    i.MX_TIM6_Init      tim.o
    0x0800488c   0x0800488c   0x00000070   Code   RO          798    i.MX_TIM8_Init      tim.o
    0x080048fc   0x080048fc   0x00000068   Code   RO          895    i.MX_UART4_Init     usart.o
    0x08004964   0x08004964   0x00000002   Code   RO          940    i.MemManage_Handler  stm32h7xx_it.o
    0x08004966   0x08004966   0x00000002   PAD
    0x08004968   0x08004968   0x000000d4   Code   RO          323    i.Motor_Control     motor.o
    0x08004a3c   0x08004a3c   0x0000001c   Code   RO          324    i.Motor_Init        motor.o
    0x08004a58   0x08004a58   0x00000002   Code   RO          941    i.NMI_Handler       stm32h7xx_it.o
    0x08004a5a   0x08004a5a   0x00000026   Code   RO          357    i.OLED_Clear        oled.o
    0x08004a80   0x08004a80   0x00000050   Code   RO          358    i.OLED_I2C_Init     oled.o
    0x08004ad0   0x08004ad0   0x00000054   Code   RO          359    i.OLED_I2C_SendByte  oled.o
    0x08004b24   0x08004b24   0x00000034   Code   RO          360    i.OLED_I2C_Start    oled.o
    0x08004b58   0x08004b58   0x0000002c   Code   RO          361    i.OLED_I2C_Stop     oled.o
    0x08004b84   0x08004b84   0x000000ac   Code   RO          362    i.OLED_Init         oled.o
    0x08004c30   0x08004c30   0x00000022   Code   RO          364    i.OLED_SetCursor    oled.o
    0x08004c52   0x08004c52   0x00000022   Code   RO          371    i.OLED_WriteCommand  oled.o
    0x08004c74   0x08004c74   0x00000022   Code   RO          372    i.OLED_WriteData    oled.o
    0x08004c96   0x08004c96   0x00000002   Code   RO          942    i.PendSV_Handler    stm32h7xx_it.o
    0x08004c98   0x08004c98   0x00000120   Code   RO         1614    i.RCCEx_PLL2_Config  stm32h7xx_hal_rcc_ex.o
    0x08004db8   0x08004db8   0x00000120   Code   RO         1615    i.RCCEx_PLL3_Config  stm32h7xx_hal_rcc_ex.o
    0x08004ed8   0x08004ed8   0x00000002   Code   RO          943    i.SVC_Handler       stm32h7xx_it.o
    0x08004eda   0x08004eda   0x00000004   Code   RO          944    i.SysTick_Handler   stm32h7xx_it.o
    0x08004ede   0x08004ede   0x00000002   PAD
    0x08004ee0   0x08004ee0   0x00000098   Code   RO          607    i.SystemClock_Config  main.o
    0x08004f78   0x08004f78   0x000000d8   Code   RO         5306    i.SystemInit        system_stm32h7xx.o
    0x08005050   0x08005050   0x000000b4   Code   RO          945    i.TIM6_DAC_IRQHandler  stm32h7xx_it.o
    0x08005104   0x08005104   0x000000e0   Code   RO         3842    i.TIM_Base_SetConfig  stm32h7xx_hal_tim.o
    0x080051e4   0x080051e4   0x0000001a   Code   RO         3843    i.TIM_CCxChannelCmd  stm32h7xx_hal_tim.o
    0x080051fe   0x080051fe   0x00000012   Code   RO         3853    i.TIM_ETR_SetConfig  stm32h7xx_hal_tim.o
    0x08005210   0x08005210   0x00000014   Code   RO         3854    i.TIM_ITRx_SetConfig  stm32h7xx_hal_tim.o
    0x08005224   0x08005224   0x000000a4   Code   RO         3855    i.TIM_OC1_SetConfig  stm32h7xx_hal_tim.o
    0x080052c8   0x080052c8   0x00000098   Code   RO         3856    i.TIM_OC2_SetConfig  stm32h7xx_hal_tim.o
    0x08005360   0x08005360   0x00000098   Code   RO         3857    i.TIM_OC3_SetConfig  stm32h7xx_hal_tim.o
    0x080053f8   0x080053f8   0x00000078   Code   RO         3858    i.TIM_OC4_SetConfig  stm32h7xx_hal_tim.o
    0x08005470   0x08005470   0x00000074   Code   RO         3859    i.TIM_OC5_SetConfig  stm32h7xx_hal_tim.o
    0x080054e4   0x080054e4   0x00000074   Code   RO         3860    i.TIM_OC6_SetConfig  stm32h7xx_hal_tim.o
    0x08005558   0x08005558   0x00000022   Code   RO         3862    i.TIM_TI1_ConfigInputStage  stm32h7xx_hal_tim.o
    0x0800557a   0x0800557a   0x00000024   Code   RO         3864    i.TIM_TI2_ConfigInputStage  stm32h7xx_hal_tim.o
    0x0800559e   0x0800559e   0x00000002   PAD
    0x080055a0   0x080055a0   0x0000004c   Code   RO          559    i.Task1             task.o
    0x080055ec   0x080055ec   0x00000044   Code   RO         5200    i.UARTEx_SetNbDataToProcess  stm32h7xx_hal_uart_ex.o
    0x08005630   0x08005630   0x000000c8   Code   RO         4809    i.UART_AdvFeatureConfig  stm32h7xx_hal_uart.o
    0x080056f8   0x080056f8   0x000000aa   Code   RO         4810    i.UART_CheckIdleState  stm32h7xx_hal_uart.o
    0x080057a2   0x080057a2   0x0000004e   Code   RO         4812    i.UART_DMAError     stm32h7xx_hal_uart.o
    0x080057f0   0x080057f0   0x00000082   Code   RO         4813    i.UART_DMAReceiveCplt  stm32h7xx_hal_uart.o
    0x08005872   0x08005872   0x00000020   Code   RO         4815    i.UART_DMARxHalfCplt  stm32h7xx_hal_uart.o
    0x08005892   0x08005892   0x00000002   PAD
    0x08005894   0x08005894   0x00000054   Code   RO         4821    i.UART_EndRxTransfer  stm32h7xx_hal_uart.o
    0x080058e8   0x080058e8   0x0000002e   Code   RO         4822    i.UART_EndTxTransfer  stm32h7xx_hal_uart.o
    0x08005916   0x08005916   0x00000002   PAD
    0x08005918   0x08005918   0x000003dc   Code   RO         4827    i.UART_SetConfig    stm32h7xx_hal_uart.o
    0x08005cf4   0x08005cf4   0x000000a8   Code   RO         4828    i.UART_Start_Receive_DMA  stm32h7xx_hal_uart.o
    0x08005d9c   0x08005d9c   0x00000094   Code   RO         4834    i.UART_WaitOnFlagUntilTimeout  stm32h7xx_hal_uart.o
    0x08005e30   0x08005e30   0x00000002   Code   RO          946    i.UsageFault_Handler  stm32h7xx_it.o
    0x08005e32   0x08005e32   0x00000022   Code   RO         1082    i.__NVIC_SetPriority  stm32h7xx_hal_cortex.o
    0x08005e54   0x08005e54   0x00000062   Code   RO         5356    i.__hardfp_fmax     m_wv.l(fmax.o)
    0x08005eb6   0x08005eb6   0x00000062   Code   RO         5360    i.__hardfp_fmin     m_wv.l(fmin.o)
    0x08005f18   0x08005f18   0x00000028   Code   RO          271    i.checkSum          gyroscope.o
    0x08005f40   0x08005f40   0x0000003c   Code   RO          473    i.forward_left_pwm  pid.o
    0x08005f7c   0x08005f7c   0x0000003c   Code   RO          474    i.forward_right_pwm  pid.o
    0x08005fb8   0x08005fb8   0x000000bc   Code   RO          608    i.main              main.o
    0x08006074   0x08006074   0x0000009e   Code   RO         5371    x$fpl$dcmp4         fz_wv.l(dcmp4.o)
    0x08006112   0x08006112   0x00000018   Code   RO         5391    x$fpl$dcmpinf       fz_wv.l(dcmpi.o)
    0x0800612a   0x0800612a   0x0000009c   Code   RO         5393    x$fpl$dnaninf       fz_wv.l(dnaninf.o)
    0x080061c6   0x080061c6   0x0000000a   Code   RO         5480    x$fpl$fpinit        fz_wv.l(fpinit.o)
    0x080061d0   0x080061d0   0x00000000   Code   RO         5373    x$fpl$usenofp       fz_wv.l(usenofp.o)
    0x080061d0   0x080061d0   0x00000008   Data   RO         2123    .constdata          stm32h7xx_hal_dma.o
    0x080061d8   0x080061d8   0x00000018   Data   RO         4835    .constdata          stm32h7xx_hal_uart.o
    0x080061f0   0x080061f0   0x00000010   Data   RO         5201    .constdata          stm32h7xx_hal_uart_ex.o
    0x08006200   0x08006200   0x00000010   Data   RO         5307    .constdata          system_stm32h7xx.o
    0x08006210   0x08006210   0x00000030   Data   RO         5536    Region$$Table       anon$$obj.o


    Execution Region RW_IRAM1 (Exec base: 0x20000000, Load base: 0x08006240, Size: 0x00000588, Max: 0x00020000, ABSOLUTE)

    Exec Addr    Load Addr    Size         Type   Attr      Idx    E Section Name        Object

    0x20000000        -       0x00000184   Zero   RW          896    .bss                usart.o
    0x20000184   0x08006240   0x00000004   PAD
    0x20000188        -       0x00000400   Zero   RW            1    STACK               startup_stm32h723xx.o


    Execution Region RW_IRAM2 (Exec base: 0x24000000, Load base: 0x08006240, Size: 0x00000588, Max: 0x00020000, ABSOLUTE)

    Exec Addr    Load Addr    Size         Type   Attr      Idx    E Section Name        Object

    0x24000000   0x08006240   0x00000002   Data   RW          181    .data               encoder.o
    0x24000002   0x08006242   0x00000002   PAD
    0x24000004   0x08006244   0x00000028   Data   RW          479    .data               pid.o
    0x2400002c   0x0800626c   0x00000009   Data   RW          529    .data               sensor.o
    0x24000035   0x08006275   0x00000003   PAD
    0x24000038   0x08006278   0x00000008   Data   RW          562    .data               task.o
    0x24000040   0x08006280   0x00000018   Data   RW          948    .data               stm32h7xx_it.o
    0x24000058   0x08006298   0x0000000c   Data   RW         2855    .data               stm32h7xx_hal.o
    0x24000064   0x080062a4   0x00000008   Data   RW         5308    .data               system_stm32h7xx.o
    0x2400006c        -       0x0000000c   Zero   RW          177    .bss                encoder.o
    0x24000078        -       0x0000000c   Zero   RW          179    .bss                encoder.o
    0x24000084        -       0x00000058   Zero   RW          272    .bss                gyroscope.o
    0x240000dc        -       0x00000038   Zero   RW          728    .bss                lptim.o
    0x24000114        -       0x00000214   Zero   RW          799    .bss                tim.o
    0x24000328        -       0x00000060   Zero   RW         5410    .bss                c_w.l(libspace.o)
    0x24000388        -       0x00000200   Zero   RW            2    HEAP                startup_stm32h723xx.o


==============================================================================

Image component sizes


      Code (inc. data)   RO Data    RW Data    ZI Data      Debug   Object Name

        12          4          0          0          0    1199917   delay.o
        60          4          0          0          0        954   dma.o
       148         30          0          2         24       2439   encoder.o
       268         16          0          0          0       1199   gpio.o
       464         40          0          0         88       5213   gyroscope.o
       236         26          0          0         56       1975   lptim.o
       344         20          0          0          0       2584   main.o
       240         32          0          0          0       1161   motor.o
       572         30          0          0          0       5793   oled.o
       272         54          0         40          0       3185   pid.o
         0          0          0          9          0        735   sensor.o
        72         30        716          0       1536        856   startup_stm32h723xx.o
       220         40          0         12          0      23817   stm32h7xx_hal.o
       354         28          0          0          0      41965   stm32h7xx_hal_cortex.o
      4472        172          8          0          0      10147   stm32h7xx_hal_dma.o
       550         44          0          0          0       2352   stm32h7xx_hal_gpio.o
       362         22          0          0          0       3096   stm32h7xx_hal_lptim.o
        28          6          0          0          0        954   stm32h7xx_hal_msp.o
        84          6          0          0          0        797   stm32h7xx_hal_pwr_ex.o
      2374        102          0          0          0       7200   stm32h7xx_hal_rcc.o
      3622        112          0          0          0       7889   stm32h7xx_hal_rcc_ex.o
      3038        306          0          0          0      21191   stm32h7xx_hal_tim.o
       350         48          0          0          0       4216   stm32h7xx_hal_tim_ex.o
      2228        140         24          0          0      31918   stm32h7xx_hal_uart.o
       284          6         16          0          0       3869   stm32h7xx_hal_uart_ex.o
       224         60          0         24          0       6879   stm32h7xx_it.o
       244         38         16          8          0       2037   system_stm32h7xx.o
        96         18          0          8          0       2322   task.o
      1352        128          0          0        532       8398   tim.o
       348         30          0          0        388       2164   usart.o

    ----------------------------------------------------------------------
     22946       1592        828        108       2628    1407222   Object Totals
         0          0         48          0          0          0   (incl. Generated)
        28          0          0          5          4          0   (incl. Padding)

    ----------------------------------------------------------------------

      Code (inc. data)   RO Data    RW Data    ZI Data      Debug   Library Member Name

         8          0          0          0          0         68   __main.o
         0          0          0          0          0          0   __rtentry.o
        12          0          0          0          0          0   __rtentry2.o
         6          0          0          0          0          0   __rtentry4.o
        52          8          0          0          0          0   __scatter.o
        26          0          0          0          0          0   __scatter_copy.o
        28          0          0          0          0          0   __scatter_zi.o
        18          0          0          0          0         80   exit.o
         6          0          0          0          0        152   heapauxi.o
         0          0          0          0          0          0   indicate_semi.o
         2          0          0          0          0          0   libinit.o
         6          0          0          0          0          0   libinit2.o
         2          0          0          0          0          0   libshutdown.o
         2          0          0          0          0          0   libshutdown2.o
         8          4          0          0         96         68   libspace.o
       238          0          0          0          0        100   lludivv7m.o
        78          0          0          0          0         80   rt_memclr_w.o
       138          0          0          0          0         68   rt_memcpy_v6.o
       100          0          0          0          0         80   rt_memcpy_w.o
         2          0          0          0          0          0   rtexit.o
        10          0          0          0          0          0   rtexit2.o
        12          4          0          0          0         68   sys_exit.o
        74          0          0          0          0         80   sys_stackheap_outer.o
         2          0          0          0          0         68   use_no_semi.o
       158          8          0          0          0        228   dcmp4.o
        24          0          0          0          0        116   dcmpi.o
       156          4          0          0          0        140   dnaninf.o
        10          0          0          0          0        116   fpinit.o
         0          0          0          0          0          0   usenofp.o
        98          0          0          0          0        164   fmax.o
        98          0          0          0          0        164   fmin.o

    ----------------------------------------------------------------------
      1378         28          0          0         96       1840   Library Totals
         4          0          0          0          0          0   (incl. Padding)

    ----------------------------------------------------------------------

      Code (inc. data)   RO Data    RW Data    ZI Data      Debug   Library Name

       830         16          0          0         96        912   c_w.l
       348         12          0          0          0        600   fz_wv.l
       196          0          0          0          0        328   m_wv.l

    ----------------------------------------------------------------------
      1378         28          0          0         96       1840   Library Totals

    ----------------------------------------------------------------------

==============================================================================


      Code (inc. data)   RO Data    RW Data    ZI Data      Debug   

     24324       1620        828        108       2724    1394498   Grand Totals
     24324       1620        828        108       2724    1394498   ELF Image Totals
     24324       1620        828        108          0          0   ROM Totals

==============================================================================

    Total RO  Size (Code + RO Data)                25152 (  24.56kB)
    Total RW  Size (RW Data + ZI Data)              2832 (   2.77kB)
    Total ROM Size (Code + RO Data + RW Data)      25260 (  24.67kB)

==============================================================================

